Component: ARM Compiler 5.06 update 7 (build 960) Tool: armlink [4d3601]

==============================================================================

Section Cross References

    startup_stm32f427xx.o(RESET) refers to startup_stm32f427xx.o(STACK) for __initial_sp
    startup_stm32f427xx.o(RESET) refers to startup_stm32f427xx.o(.text) for Reset_Handler
    startup_stm32f427xx.o(RESET) refers to stm32f4xx_it.o(i.NMI_Handler) for NMI_Handler
    startup_stm32f427xx.o(RESET) refers to stm32f4xx_it.o(i.HardFault_Handler) for HardFault_Handler
    startup_stm32f427xx.o(RESET) refers to stm32f4xx_it.o(i.MemManage_Handler) for MemManage_Handler
    startup_stm32f427xx.o(RESET) refers to stm32f4xx_it.o(i.BusFault_Handler) for BusFault_Handler
    startup_stm32f427xx.o(RESET) refers to stm32f4xx_it.o(i.UsageFault_Handler) for UsageFault_Handler
    startup_stm32f427xx.o(RESET) refers to stm32f4xx_it.o(i.SVC_Handler) for SVC_Handler
    startup_stm32f427xx.o(RESET) refers to stm32f4xx_it.o(i.DebugMon_Handler) for DebugMon_Handler
    startup_stm32f427xx.o(RESET) refers to stm32f4xx_it.o(i.PendSV_Handler) for PendSV_Handler
    startup_stm32f427xx.o(RESET) refers to stm32f4xx_it.o(i.SysTick_Handler) for SysTick_Handler
    startup_stm32f427xx.o(RESET) refers to stm32f4xx_it.o(i.CAN1_RX0_IRQHandler) for CAN1_RX0_IRQHandler
    startup_stm32f427xx.o(RESET) refers to stm32f4xx_it.o(i.TIM2_IRQHandler) for TIM2_IRQHandler
    startup_stm32f427xx.o(RESET) refers to stm32f4xx_it.o(i.USART1_IRQHandler) for USART1_IRQHandler
    startup_stm32f427xx.o(RESET) refers to stm32f4xx_it.o(i.DMA2_Stream2_IRQHandler) for DMA2_Stream2_IRQHandler
    startup_stm32f427xx.o(.text) refers to system_stm32f4xx.o(i.SystemInit) for SystemInit
    startup_stm32f427xx.o(.text) refers to entry.o(.ARM.Collect$$$$00000000) for __main
    main.o(i.SystemClock_Config) refers to memseta.o(.text) for __aeabi_memclr4
    main.o(i.SystemClock_Config) refers to stm32f4xx_hal_rcc.o(i.HAL_RCC_OscConfig) for HAL_RCC_OscConfig
    main.o(i.SystemClock_Config) refers to stm32f4xx_hal_rcc.o(i.HAL_RCC_ClockConfig) for HAL_RCC_ClockConfig
    main.o(i.main) refers to stm32f4xx_hal.o(i.HAL_Init) for HAL_Init
    main.o(i.main) refers to main.o(i.SystemClock_Config) for SystemClock_Config
    main.o(i.main) refers to gpio.o(i.MX_GPIO_Init) for MX_GPIO_Init
    main.o(i.main) refers to dma.o(i.MX_DMA_Init) for MX_DMA_Init
    main.o(i.main) refers to can.o(i.MX_CAN1_Init) for MX_CAN1_Init
    main.o(i.main) refers to usart.o(i.MX_USART1_UART_Init) for MX_USART1_UART_Init
    main.o(i.main) refers to tim.o(i.MX_TIM2_Init) for MX_TIM2_Init
    main.o(i.main) refers to tim.o(i.MX_TIM4_Init) for MX_TIM4_Init
    main.o(i.main) refers to tim.o(i.MX_TIM5_Init) for MX_TIM5_Init
    main.o(i.main) refers to tim.o(i.MX_TIM8_Init) for MX_TIM8_Init
    main.o(i.main) refers to init_config.o(i.frameInit) for frameInit
    main.o(i.main) refers to init_config.o(i.mainloop) for mainloop
    can.o(i.HAL_CAN_MspDeInit) refers to stm32f4xx_hal_gpio.o(i.HAL_GPIO_DeInit) for HAL_GPIO_DeInit
    can.o(i.HAL_CAN_MspDeInit) refers to stm32f4xx_hal_cortex.o(i.HAL_NVIC_DisableIRQ) for HAL_NVIC_DisableIRQ
    can.o(i.HAL_CAN_MspInit) refers to memseta.o(.text) for __aeabi_memclr4
    can.o(i.HAL_CAN_MspInit) refers to stm32f4xx_hal_gpio.o(i.HAL_GPIO_Init) for HAL_GPIO_Init
    can.o(i.HAL_CAN_MspInit) refers to stm32f4xx_hal_cortex.o(i.HAL_NVIC_SetPriority) for HAL_NVIC_SetPriority
    can.o(i.HAL_CAN_MspInit) refers to stm32f4xx_hal_cortex.o(i.HAL_NVIC_EnableIRQ) for HAL_NVIC_EnableIRQ
    can.o(i.MX_CAN1_Init) refers to stm32f4xx_hal_can.o(i.HAL_CAN_Init) for HAL_CAN_Init
    can.o(i.MX_CAN1_Init) refers to main.o(i.Error_Handler) for Error_Handler
    can.o(i.MX_CAN1_Init) refers to can.o(.bss) for .bss
    dma.o(i.MX_DMA_Init) refers to stm32f4xx_hal_cortex.o(i.HAL_NVIC_SetPriority) for HAL_NVIC_SetPriority
    dma.o(i.MX_DMA_Init) refers to stm32f4xx_hal_cortex.o(i.HAL_NVIC_EnableIRQ) for HAL_NVIC_EnableIRQ
    tim.o(i.HAL_TIM_Base_MspDeInit) refers to stm32f4xx_hal_cortex.o(i.HAL_NVIC_DisableIRQ) for HAL_NVIC_DisableIRQ
    tim.o(i.HAL_TIM_Base_MspInit) refers to stm32f4xx_hal_cortex.o(i.HAL_NVIC_SetPriority) for HAL_NVIC_SetPriority
    tim.o(i.HAL_TIM_Base_MspInit) refers to stm32f4xx_hal_cortex.o(i.HAL_NVIC_EnableIRQ) for HAL_NVIC_EnableIRQ
    tim.o(i.HAL_TIM_Encoder_MspDeInit) refers to stm32f4xx_hal_gpio.o(i.HAL_GPIO_DeInit) for HAL_GPIO_DeInit
    tim.o(i.HAL_TIM_Encoder_MspInit) refers to memseta.o(.text) for __aeabi_memclr4
    tim.o(i.HAL_TIM_Encoder_MspInit) refers to stm32f4xx_hal_gpio.o(i.HAL_GPIO_Init) for HAL_GPIO_Init
    tim.o(i.HAL_TIM_MspPostInit) refers to memseta.o(.text) for __aeabi_memclr4
    tim.o(i.HAL_TIM_MspPostInit) refers to stm32f4xx_hal_gpio.o(i.HAL_GPIO_Init) for HAL_GPIO_Init
    tim.o(i.MX_TIM2_Init) refers to stm32f4xx_hal_tim.o(i.HAL_TIM_Base_Init) for HAL_TIM_Base_Init
[...]
    ..\Core\Src\stm32f4xx_hal_msp.c          0x00000000   Number         0  stm32f4xx_hal_msp.o ABSOLUTE
    ..\Core\Src\stm32f4xx_it.c               0x00000000   Number         0  stm32f4xx_it.o ABSOLUTE
    ..\Core\Src\system_stm32f4xx.c           0x00000000   Number         0  system_stm32f4xx.o ABSOLUTE
    ..\Core\Src\tim.c                        0x00000000   Number         0  tim.o ABSOLUTE
    ..\Core\Src\usart.c                      0x00000000   Number         0  usart.o ABSOLUTE
    ..\Drivers\STM32F4xx_HAL_Driver\Src\stm32f4xx_hal.c 0x00000000   Number         0  stm32f4xx_hal.o ABSOLUTE
    ..\Drivers\STM32F4xx_HAL_Driver\Src\stm32f4xx_hal_can.c 0x00000000   Number         0  stm32f4xx_hal_can.o ABSOLUTE
    ..\Drivers\STM32F4xx_HAL_Driver\Src\stm32f4xx_hal_cortex.c 0x00000000   Number         0  stm32f4xx_hal_cortex.o ABSOLUTE
    ..\Drivers\STM32F4xx_HAL_Driver\Src\stm32f4xx_hal_dma.c 0x00000000   Number         0  stm32f4xx_hal_dma.o ABSOLUTE
    ..\Drivers\STM32F4xx_HAL_Driver\Src\stm32f4xx_hal_dma_ex.c 0x00000000   Number         0  stm32f4xx_hal_dma_ex.o ABSOLUTE
    ..\Drivers\STM32F4xx_HAL_Driver\Src\stm32f4xx_hal_exti.c 0x00000000   Number         0  stm32f4xx_hal_exti.o ABSOLUTE
    ..\Drivers\STM32F4xx_HAL_Driver\Src\stm32f4xx_hal_flash.c 0x00000000   Number         0  stm32f4xx_hal_flash.o ABSOLUTE
    ..\Drivers\STM32F4xx_HAL_Driver\Src\stm32f4xx_hal_flash_ex.c 0x00000000   Number         0  stm32f4xx_hal_flash_ex.o ABSOLUTE
    ..\Drivers\STM32F4xx_HAL_Driver\Src\stm32f4xx_hal_flash_ramfunc.c 0x00000000   Number         0  stm32f4xx_hal_flash_ramfunc.o ABSOLUTE
    ..\Drivers\STM32F4xx_HAL_Driver\Src\stm32f4xx_hal_gpio.c 0x00000000   Number         0  stm32f4xx_hal_gpio.o ABSOLUTE
    ..\Drivers\STM32F4xx_HAL_Driver\Src\stm32f4xx_hal_pwr.c 0x00000000   Number         0  stm32f4xx_hal_pwr.o ABSOLUTE
    ..\Drivers\STM32F4xx_HAL_Driver\Src\stm32f4xx_hal_pwr_ex.c 0x00000000   Number         0  stm32f4xx_hal_pwr_ex.o ABSOLUTE
    ..\Drivers\STM32F4xx_HAL_Driver\Src\stm32f4xx_hal_rcc.c 0x00000000   Number         0  stm32f4xx_hal_rcc.o ABSOLUTE
    ..\Drivers\STM32F4xx_HAL_Driver\Src\stm32f4xx_hal_rcc_ex.c 0x00000000   Number         0  stm32f4xx_hal_rcc_ex.o ABSOLUTE
    ..\Drivers\STM32F4xx_HAL_Driver\Src\stm32f4xx_hal_tim.c 0x00000000   Number         0  stm32f4xx_hal_tim.o ABSOLUTE
    ..\Drivers\STM32F4xx_HAL_Driver\Src\stm32f4xx_hal_tim_ex.c 0x00000000   Number         0  stm32f4xx_hal_tim_ex.o ABSOLUTE
    ..\Drivers\STM32F4xx_HAL_Driver\Src\stm32f4xx_hal_uart.c 0x00000000   Number         0  stm32f4xx_hal_uart.o ABSOLUTE
    ..\User\Config\callback_config.c         0x00000000   Number         0  callback_config.o ABSOLUTE
    ..\User\Config\init_config.c             0x00000000   Number         0  init_config.o ABSOLUTE
    ..\User\Device\motor_dev.c               0x00000000   Number         0  motor_dev.o ABSOLUTE
    ..\User\Device\remote_dev.c              0x00000000   Number         0  remote_dev.o ABSOLUTE
    ..\User\Device\snail_dev.c               0x00000000   Number         0  snail_dev.o ABSOLUTE
    ..\User\Library\check_lib.c              0x00000000   Number         0  check_lib.o ABSOLUTE
    ..\User\Library\crc_lib.c                0x00000000   Number         0  crc_lib.o ABSOLUTE
    ..\User\Library\errorctrl_lib.c          0x00000000   Number         0  errorctrl_lib.o ABSOLUTE
    ..\User\Library\filter_lib.c             0x00000000   Number         0  filter_lib.o ABSOLUTE
    ..\User\Library\kalman_lib.c             0x00000000   Number         0  kalman_lib.o ABSOLUTE
    ..\User\Library\list_lib.c               0x00000000   Number         0  list_lib.o ABSOLUTE
    ..\User\Library\ls_lib.c                 0x00000000   Number         0  ls_lib.o ABSOLUTE
    ..\User\Library\mathtools_lib.c          0x00000000   Number         0  mathtools_lib.o ABSOLUTE
    ..\User\Library\pid_lib.c                0x00000000   Number         0  pid_lib.o ABSOLUTE
    ..\User\Library\slope_lib.c              0x00000000   Number         0  slope_lib.o ABSOLUTE
    ..\User\Task\remote_task.c               0x00000000   Number         0  remote_task.o ABSOLUTE
    ..\User\Task\shooter_task.c              0x00000000   Number         0  shooter_task.o ABSOLUTE
    ..\User\Utility\can_util.c               0x00000000   Number         0  can_util.o ABSOLUTE
    ..\User\Utility\pwm_util.c               0x00000000   Number         0  pwm_util.o ABSOLUTE
    ..\User\Utility\timer_util.c             0x00000000   Number         0  timer_util.o ABSOLUTE
    ..\User\Utility\uart_util.c              0x00000000   Number         0  uart_util.o ABSOLUTE
    ..\User\model.c                          0x00000000   Number         0  model.o ABSOLUTE
    ..\\User\\Config\\callback_config.c      0x00000000   Number         0  callback_config.o ABSOLUTE
    ..\\User\\Config\\init_config.c          0x00000000   Number         0  init_config.o ABSOLUTE
    ..\\User\\Device\\motor_dev.c            0x00000000   Number         0  motor_dev.o ABSOLUTE
    ..\\User\\Device\\remote_dev.c           0x00000000   Number         0  remote_dev.o ABSOLUTE
    ..\\User\\Device\\snail_dev.c            0x00000000   Number         0  snail_dev.o ABSOLUTE
    ..\\User\\Library\\check_lib.c           0x00000000   Number         0  check_lib.o ABSOLUTE
    ..\\User\\Library\\crc_lib.c             0x00000000   Number         0  crc_lib.o ABSOLUTE
    ..\\User\\Library\\errorctrl_lib.c       0x00000000   Number         0  errorctrl_lib.o ABSOLUTE
    ..\\User\\Library\\filter_lib.c          0x00000000   Number         0  filter_lib.o ABSOLUTE
    ..\\User\\Library\\kalman_lib.c          0x00000000   Number         0  kalman_lib.o ABSOLUTE
    ..\\User\\Library\\mathtools_lib.c       0x00000000   Number         0  mathtools_lib.o ABSOLUTE
    ..\\User\\Library\\pid_lib.c             0x00000000   Number         0  pid_lib.o ABSOLUTE
    ..\\User\\Task\\remote_task.c            0x00000000   Number         0  remote_task.o ABSOLUTE
    ..\\User\\Task\\shooter_task.c           0x00000000   Number         0  shooter_task.o ABSOLUTE
    ..\\User\\Utility\\can_util.c            0x00000000   Number         0  can_util.o ABSOLUTE
    ..\\User\\Utility\\pwm_util.c            0x00000000   Number         0  pwm_util.o ABSOLUTE
    ..\\User\\Utility\\timer_util.c          0x00000000   Number         0  timer_util.o ABSOLUTE
    ..\\User\\Utility\\uart_util.c           0x00000000   Number         0  uart_util.o ABSOLUTE
    dc.s                                     0x00000000   Number         0  dc.o ABSOLUTE
    handlers.s                               0x00000000   Number         0  handlers.o ABSOLUTE
    init.s                                   0x00000000   Number         0  init.o ABSOLUTE
    startup_stm32f427xx.s                    0x00000000   Number         0  startup_stm32f427xx.o ABSOLUTE
    RESET                                    0x08000000   Section      428  startup_stm32f427xx.o(RESET)
    .ARM.Collect$$$$00000000                 0x080001ac   Section        0  entry.o(.ARM.Collect$$$$00000000)
    .ARM.Collect$$$$00000001                 0x080001ac   Section        4  entry2.o(.ARM.Collect$$$$00000001)
    .ARM.Collect$$$$00000004                 0x080001b0   Section        4  entry5.o(.ARM.Collect$$$$00000004)
    .ARM.Collect$$$$00000008                 0x080001b4   Section        0  entry7b.o(.ARM.Collect$$$$00000008)
    .ARM.Collect$$$$0000000A                 0x080001b4   Section        0  entry8b.o(.ARM.Collect$$$$0000000A)
    .ARM.Collect$$$$0000000B                 0x080001b4   Section        8  entry9a.o(.ARM.Collect$$$$0000000B)
    .ARM.Collect$$$$0000000E                 0x080001bc   Section        4  entry12b.o(.ARM.Collect$$$$0000000E)
    .ARM.Collect$$$$0000000F                 0x080001c0   Section        0  entry10a.o(.ARM.Collect$$$$0000000F)
    .ARM.Collect$$$$00000011                 0x080001c0   Section        0  entry11a.o(.ARM.Collect$$$$00000011)
    .ARM.Collect$$$$00002712                 0x080001c0   Section        4  entry2.o(.ARM.Collect$$$$00002712)
    __lit__00000000                          0x080001c0   Data           4  entry2.o(.ARM.Collect$$$$00002712)
    .text                                    0x080001c4   Section       36  startup_stm32f427xx.o(.text)
    $v0                                      0x080001c4   Number         0  startup_stm32f427xx.o(.text)
    .text                                    0x080001e8   Section        0  uldiv.o(.text)
    .text                                    0x0800024a   Section        0  memseta.o(.text)
    .text                                    0x0800026e   Section        0  llshl.o(.text)
    .text                                    0x0800028c   Section        0  llushr.o(.text)
    .text                                    0x080002ac   Section       36  init.o(.text)
    i.BusFault_Handler                       0x080002d0   Section        0  stm32f4xx_it.o(i.BusFault_Handler)
    i.CAN1_RX0_IRQHandler                    0x080002d4   Section        0  stm32f4xx_it.o(i.CAN1_RX0_IRQHandler)
    i.Can_InitFilterAndStart                 0x080002e0   Section        0  can_util.o(i.Can_InitFilterAndStart)
    i.Can_InitTxHeader                       0x08000338   Section        0  can_util.o(i.Can_InitTxHeader)
    i.Can_SendMessage                        0x08000348   Section        0  can_util.o(i.Can_SendMessage)
    i.DMA2_Stream2_IRQHandler                0x08000358   Section        0  stm32f4xx_it.o(i.DMA2_Stream2_IRQHandler)
    i.DMA_CalcBaseAndBitshift                0x08000364   Section        0  stm32f4xx_hal_dma.o(i.DMA_CalcBaseAndBitshift)
    DMA_CalcBaseAndBitshift                  0x08000365   Thumb Code    34  stm32f4xx_hal_dma.o(i.DMA_CalcBaseAndBitshift)
    i.DMA_CheckFifoParam                     0x0800038c   Section        0  stm32f4xx_hal_dma.o(i.DMA_CheckFifoParam)
    DMA_CheckFifoParam                       0x0800038d   Thumb Code    84  stm32f4xx_hal_dma.o(i.DMA_CheckFifoParam)
    i.DMA_SetConfig                          0x080003e0   Section        0  stm32f4xx_hal_dma.o(i.DMA_SetConfig)
    DMA_SetConfig                            0x080003e1   Thumb Code    40  stm32f4xx_hal_dma.o(i.DMA_SetConfig)
    i.DebugMon_Handler                       0x08000408   Section        0  stm32f4xx_it.o(i.DebugMon_Handler)
    i.Error_Handler                          0x0800040a   Section        0  main.o(i.Error_Handler)
    i.HAL_CAN_ActivateNotification           0x0800040c   Section        0  stm32f4xx_hal_can.o(i.HAL_CAN_ActivateNotification)
    i.HAL_CAN_AddTxMessage                   0x08000430   Section        0  stm32f4xx_hal_can.o(i.HAL_CAN_AddTxMessage)
    i.HAL_CAN_ConfigFilter                   0x0800050c   Section        0  stm32f4xx_hal_can.o(i.HAL_CAN_ConfigFilter)
    i.HAL_CAN_ErrorCallback                  0x08000618   Section        0  stm32f4xx_hal_can.o(i.HAL_CAN_ErrorCallback)
    i.HAL_CAN_GetRxMessage                   0x0800061a   Section        0  stm32f4xx_hal_can.o(i.HAL_CAN_GetRxMessage)
    i.HAL_CAN_IRQHandler                     0x08000702   Section        0  stm32f4xx_hal_can.o(i.HAL_CAN_IRQHandler)
    i.HAL_CAN_Init                           0x080008fe   Section        0  stm32f4xx_hal_can.o(i.HAL_CAN_Init)
    i.HAL_CAN_MspInit                        0x08000a18   Section        0  can.o(i.HAL_CAN_MspInit)
    i.HAL_CAN_RxFifo0FullCallback            0x08000a90   Section        0  stm32f4xx_hal_can.o(i.HAL_CAN_RxFifo0FullCallback)
    i.HAL_CAN_RxFifo0MsgPendingCallback      0x08000a92   Section        0  callback_config.o(i.HAL_CAN_RxFifo0MsgPendingCallback)
    i.HAL_CAN_RxFifo1FullCallback            0x08000ab2   Section        0  stm32f4xx_hal_can.o(i.HAL_CAN_RxFifo1FullCallback)
    i.HAL_CAN_RxFifo1MsgPendingCallback      0x08000ab4   Section        0  stm32f4xx_hal_can.o(i.HAL_CAN_RxFifo1MsgPendingCallback)
    i.HAL_CAN_SleepCallback                  0x08000ab6   Section        0  stm32f4xx_hal_can.o(i.HAL_CAN_SleepCallback)
    i.HAL_CAN_Start                          0x08000ab8   Section        0  stm32f4xx_hal_can.o(i.HAL_CAN_Start)
    i.HAL_CAN_TxMailbox0AbortCallback        0x08000b10   Section        0  stm32f4xx_hal_can.o(i.HAL_CAN_TxMailbox0AbortCallback)
    i.HAL_CAN_TxMailbox0CompleteCallback     0x08000b12   Section        0  stm32f4xx_hal_can.o(i.HAL_CAN_TxMailbox0CompleteCallback)
    i.HAL_CAN_TxMailbox1AbortCallback        0x08000b14   Section        0  stm32f4xx_hal_can.o(i.HAL_CAN_TxMailbox1AbortCallback)
    i.HAL_CAN_TxMailbox1CompleteCallback     0x08000b16   Section        0  stm32f4xx_hal_can.o(i.HAL_CAN_TxMailbox1CompleteCallback)
    i.HAL_CAN_TxMailbox2AbortCallback        0x08000b18   Section        0  stm32f4xx_hal_can.o(i.HAL_CAN_TxMailbox2AbortCallback)
    i.HAL_CAN_TxMailbox2CompleteCallback     0x08000b1a   Section        0  stm32f4xx_hal_can.o(i.HAL_CAN_TxMailbox2CompleteCallback)
    i.HAL_CAN_WakeUpFromRxMsgCallback        0x08000b1c   Section        0  stm32f4xx_hal_can.o(i.HAL_CAN_WakeUpFromRxMsgCallback)
    i.HAL_DMA_Abort                          0x08000b1e   Section        0  stm32f4xx_hal_dma.o(i.HAL_DMA_Abort)
    i.HAL_DMA_Abort_IT                       0x08000bb0   Section        0  stm32f4xx_hal_dma.o(i.HAL_DMA_Abort_IT)
    i.HAL_DMA_IRQHandler                     0x08000bd4   Section        0  stm32f4xx_hal_dma.o(i.HAL_DMA_IRQHandler)
    i.HAL_DMA_Init                           0x08000d74   Section        0  stm32f4xx_hal_dma.o(i.HAL_DMA_Init)
    i.HAL_DMA_Start                          0x08000e48   Section        0  stm32f4xx_hal_dma.o(i.HAL_DMA_Start)
    i.HAL_Delay                              0x08000e90   Section        0  stm32f4xx_hal.o(i.HAL_Delay)
    i.HAL_GPIO_Init                          0x08000eb4   Section        0  stm32f4xx_hal_gpio.o(i.HAL_GPIO_Init)
    i.HAL_GetTick                            0x080010e8   Section        0  stm32f4xx_hal.o(i.HAL_GetTick)
    i.HAL_IncTick                            0x080010f4   Section        0  stm32f4xx_hal.o(i.HAL_IncTick)
    i.HAL_Init                               0x08001104   Section        0  stm32f4xx_hal.o(i.HAL_Init)
    i.HAL_InitTick                           0x08001138   Section        0  stm32f4xx_hal.o(i.HAL_InitTick)
    i.HAL_MspInit                            0x08001178   Section        0  stm32f4xx_hal_msp.o(i.HAL_MspInit)
    i.HAL_NVIC_EnableIRQ                     0x080011a8   Section        0  stm32f4xx_hal_cortex.o(i.HAL_NVIC_EnableIRQ)
    i.HAL_NVIC_SetPriority                   0x080011c4   Section        0  stm32f4xx_hal_cortex.o(i.HAL_NVIC_SetPriority)
    i.HAL_NVIC_SetPriorityGrouping           0x08001204   Section        0  stm32f4xx_hal_cortex.o(i.HAL_NVIC_SetPriorityGrouping)
    i.HAL_RCC_ClockConfig                    0x08001228   Section        0  stm32f4xx_hal_rcc.o(i.HAL_RCC_ClockConfig)
    i.HAL_RCC_GetPCLK1Freq                   0x0800135c   Section        0  stm32f4xx_hal_rcc.o(i.HAL_RCC_GetPCLK1Freq)
    i.HAL_RCC_GetPCLK2Freq                   0x0800137c   Section        0  stm32f4xx_hal_rcc.o(i.HAL_RCC_GetPCLK2Freq)
    i.HAL_RCC_GetSysClockFreq                0x0800139c   Section        0  stm32f4xx_hal_rcc.o(i.HAL_RCC_GetSysClockFreq)
    i.HAL_RCC_OscConfig                      0x08001400   Section        0  stm32f4xx_hal_rcc.o(i.HAL_RCC_OscConfig)
    i.HAL_SYSTICK_Config                     0x0800176c   Section        0  stm32f4xx_hal_cortex.o(i.HAL_SYSTICK_Config)
    i.HAL_TIMEx_BreakCallback                0x08001794   Section        0  stm32f4xx_hal_tim_ex.o(i.HAL_TIMEx_BreakCallback)
    i.HAL_TIMEx_CommutCallback               0x08001796   Section        0  stm32f4xx_hal_tim_ex.o(i.HAL_TIMEx_CommutCallback)
    i.HAL_TIMEx_ConfigBreakDeadTime          0x08001798   Section        0  stm32f4xx_hal_tim_ex.o(i.HAL_TIMEx_ConfigBreakDeadTime)
    i.HAL_TIMEx_MasterConfigSynchronization  0x080017ec   Section        0  stm32f4xx_hal_tim_ex.o(i.HAL_TIMEx_MasterConfigSynchronization)
    i.HAL_TIM_Base_Init                      0x0800187c   Section        0  stm32f4xx_hal_tim.o(i.HAL_TIM_Base_Init)
    i.HAL_TIM_Base_MspInit                   0x080018d8   Section        0  tim.o(i.HAL_TIM_Base_MspInit)
    i.HAL_TIM_Base_Start_IT                  0x0800192c   Section        0  stm32f4xx_hal_tim.o(i.HAL_TIM_Base_Start_IT)
    i.HAL_TIM_ConfigClockSource              0x080019ac   Section        0  stm32f4xx_hal_tim.o(i.HAL_TIM_ConfigClockSource)
    i.HAL_TIM_Encoder_Init                   0x08001a88   Section        0  stm32f4xx_hal_tim.o(i.HAL_TIM_Encoder_Init)
    i.HAL_TIM_Encoder_MspInit                0x08001b2c   Section        0  tim.o(i.HAL_TIM_Encoder_MspInit)
    i.HAL_TIM_Encoder_Start                  0x08001bd0   Section        0  stm32f4xx_hal_tim.o(i.HAL_TIM_Encoder_Start)
    i.HAL_TIM_IC_CaptureCallback             0x08001c5e   Section        0  stm32f4xx_hal_tim.o(i.HAL_TIM_IC_CaptureCallback)
    i.HAL_TIM_IRQHandler                     0x08001c60   Section        0  stm32f4xx_hal_tim.o(i.HAL_TIM_IRQHandler)
    i.HAL_TIM_MspPostInit                    0x08001dc8   Section        0  tim.o(i.HAL_TIM_MspPostInit)
    i.HAL_TIM_OC_DelayElapsedCallback        0x08001e1c   Section        0  stm32f4xx_hal_tim.o(i.HAL_TIM_OC_DelayElapsedCallback)
    i.HAL_TIM_PWM_ConfigChannel              0x08001e1e   Section        0  stm32f4xx_hal_tim.o(i.HAL_TIM_PWM_ConfigChannel)
    i.HAL_TIM_PWM_Init                       0x08001eea   Section        0  stm32f4xx_hal_tim.o(i.HAL_TIM_PWM_Init)
    i.HAL_TIM_PWM_MspInit                    0x08001f44   Section        0  stm32f4xx_hal_tim.o(i.HAL_TIM_PWM_MspInit)
    i.HAL_TIM_PWM_PulseFinishedCallback      0x08001f46   Section        0  stm32f4xx_hal_tim.o(i.HAL_TIM_PWM_PulseFinishedCallback)
    i.HAL_TIM_PWM_Start                      0x08001f48   Section        0  stm32f4xx_hal_tim.o(i.HAL_TIM_PWM_Start)
    i.HAL_TIM_PeriodElapsedCallback          0x08002010   Section        0  callback_config.o(i.HAL_TIM_PeriodElapsedCallback)
    i.HAL_TIM_TriggerCallback                0x08002024   Section        0  stm32f4xx_hal_tim.o(i.HAL_TIM_TriggerCallback)
    i.HAL_UARTEx_RxEventCallback             0x08002026   Section        0  stm32f4xx_hal_uart.o(i.HAL_UARTEx_RxEventCallback)
    i.HAL_UART_ErrorCallback                 0x08002028   Section        0  stm32f4xx_hal_uart.o(i.HAL_UART_ErrorCallback)
    i.HAL_UART_IRQHandler                    0x0800202c   Section        0  stm32f4xx_hal_uart.o(i.HAL_UART_IRQHandler)
    i.HAL_UART_Init                          0x08002294   Section        0  stm32f4xx_hal_uart.o(i.HAL_UART_Init)
    i.HAL_UART_MspInit                       0x080022f8   Section        0  usart.o(i.HAL_UART_MspInit)
    i.HAL_UART_RxCpltCallback                0x080023a8   Section        0  stm32f4xx_hal_uart.o(i.HAL_UART_RxCpltCallback)
    i.HAL_UART_TxCpltCallback                0x080023aa   Section        0  stm32f4xx_hal_uart.o(i.HAL_UART_TxCpltCallback)
    i.HardFault_Handler                      0x080023ac   Section        0  stm32f4xx_it.o(i.HardFault_Handler)
    i.MX_CAN1_Init                           0x080023b0   Section        0  can.o(i.MX_CAN1_Init)
    i.MX_DMA_Init                            0x080023f4   Section        0  dma.o(i.MX_DMA_Init)
    i.MX_GPIO_Init                           0x08002420   Section        0  gpio.o(i.MX_GPIO_Init)
    i.MX_TIM2_Init                           0x0800247c   Section        0  tim.o(i.MX_TIM2_Init)
    i.MX_TIM4_Init                           0x080024e0   Section        0  tim.o(i.MX_TIM4_Init)
    i.MX_TIM5_Init                           0x0800254c   Section        0  tim.o(i.MX_TIM5_Init)
    i.MX_TIM8_Init                           0x080025b4   Section        0  tim.o(i.MX_TIM8_Init)
    i.MX_USART1_UART_Init                    0x0800268c   Section        0  usart.o(i.MX_USART1_UART_Init)
    i.MemManage_Handler                      0x080026cc   Section        0  stm32f4xx_it.o(i.MemManage_Handler)
    i.MotorSnailConfig                       0x080026d0   Section        0  snail_dev.o(i.MotorSnailConfig)
    i.MotorSnail_SetFdb                      0x08002720   Section        0  snail_dev.o(i.MotorSnail_SetFdb)
    i.MotorSnail_SetRef                      0x08002768   Section        0  snail_dev.o(i.MotorSnail_SetRef)
    i.Motor_CalcSelfMotorOutput              0x0800276e   Section        0  motor_dev.o(i.Motor_CalcSelfMotorOutput)
    i.Motor_Config                           0x080027ac   Section        0  motor_dev.o(i.Motor_Config)
    i.Motor_Decode                           0x0800286c   Section        0  motor_dev.o(i.Motor_Decode)
    i.Motor_EncoderDataInit                  0x080029fc   Section        0  motor_dev.o(i.Motor_EncoderDataInit)
    i.Motor_EncoderDecodeCallback            0x08002a0c   Section        0  motor_dev.o(i.Motor_EncoderDecodeCallback)
    i.Motor_GetGroupPtr                      0x08002a74   Section        0  motor_dev.o(i.Motor_GetGroupPtr)
    i.Motor_GetMotorTXID                     0x08002aa4   Section        0  motor_dev.o(i.Motor_GetMotorTXID)
    i.Motor_GroupConfig                      0x08002aa8   Section        0  motor_dev.o(i.Motor_GroupConfig)
    i.Motor_GroupInit                        0x08002ae4   Section        0  motor_dev.o(i.Motor_GroupInit)
    i.Motor_ResetData                        0x08002b04   Section        0  motor_dev.o(i.Motor_ResetData)
    i.Motor_SendMotorGroupOutput             0x08002b16   Section        0  motor_dev.o(i.Motor_SendMotorGroupOutput)
    i.Motor_SendMotorOutput                  0x08002b4c   Section        0  motor_dev.o(i.Motor_SendMotorOutput)
    i.Motor_SetMotorOutput                   0x08002b74   Section        0  motor_dev.o(i.Motor_SetMotorOutput)
    i.NMI_Handler                            0x08002b7a   Section        0  stm32f4xx_it.o(i.NMI_Handler)
    i.PID_AddRef                             0x08002b7c   Section        0  pid_lib.o(i.PID_AddRef)
    i.PID_Calc                               0x08002b8a   Section        0  pid_lib.o(i.PID_Calc)
    i.PID_ClearData                          0x08002bfc   Section        0  pid_lib.o(i.PID_ClearData)
    i.PID_GetOutput                          0x08002c20   Section        0  pid_lib.o(i.PID_GetOutput)
    i.PID_ParamInit                          0x08002c26   Section        0  pid_lib.o(i.PID_ParamInit)
    i.PID_SetFdb                             0x08002c2c   Section        0  pid_lib.o(i.PID_SetFdb)
    i.PID_SetRef                             0x08002c32   Section        0  pid_lib.o(i.PID_SetRef)
    i.PendSV_Handler                         0x08002c38   Section        0  stm32f4xx_it.o(i.PendSV_Handler)
    i.Remote_CancelChannelOffset             0x08002c3c   Section        0  remote_dev.o(i.Remote_CancelChannelOffset)
    i.Remote_DecodeKeyboardData              0x08002c4c   Section        0  remote_dev.o(i.Remote_DecodeKeyboardData)
    i.Remote_DecodeRemoteData                0x08002cac   Section        0  remote_dev.o(i.Remote_DecodeRemoteData)
    i.Remote_InitRemote                      0x08002d74   Section        0  remote_dev.o(i.Remote_InitRemote)
    i.Remote_IsRemoteError                   0x08002da8   Section        0  remote_dev.o(i.Remote_IsRemoteError)
    i.Remote_RXCallback                      0x08002dd4   Section        0  remote_dev.o(i.Remote_RXCallback)
    i.Remote_ResetRemoteData                 0x08002e14   Section        0  remote_dev.o(i.Remote_ResetRemoteData)
    i.Remote_task                            0x08002e3c   Section        0  remote_task.o(i.Remote_task)
    i.SVC_Handler                            0x08002f14   Section        0  stm32f4xx_it.o(i.SVC_Handler)
    i.SetSnailDuty                           0x08002f16   Section        0  snail_dev.o(i.SetSnailDuty)
    i.SetSnailOutput                         0x08002f32   Section        0  snail_dev.o(i.SetSnailOutput)
    i.Shooter_TaskInit                       0x08002f54   Section        0  shooter_task.o(i.Shooter_TaskInit)
    i.Shooter_TaskStart                      0x08003090   Section        0  shooter_task.o(i.Shooter_TaskStart)
    i.Shooter_TimerCallback                  0x0800309c   Section        0  shooter_task.o(i.Shooter_TimerCallback)
    i.SnailPIDOutput                         0x080031d8   Section        0  snail_dev.o(i.SnailPIDOutput)
    i.Snail_Start                            0x08003244   Section        0  snail_dev.o(i.Snail_Start)
    i.SnailnoPIDOutput                       0x08003258   Section        0  snail_dev.o(i.SnailnoPIDOutput)
    i.SysTick_Handler                        0x080032ac   Section        0  stm32f4xx_it.o(i.SysTick_Handler)
    i.SystemClock_Config                     0x080032b0   Section        0  main.o(i.SystemClock_Config)
    i.SystemInit                             0x08003334   Section        0  system_stm32f4xx.o(i.SystemInit)
    i.TIM2_IRQHandler                        0x08003350   Section        0  stm32f4xx_it.o(i.TIM2_IRQHandler)
    i.TIM_Base_SetConfig                     0x0800335c   Section        0  stm32f4xx_hal_tim.o(i.TIM_Base_SetConfig)
    i.TIM_CCxChannelCmd                      0x08003424   Section        0  stm32f4xx_hal_tim.o(i.TIM_CCxChannelCmd)
    i.TIM_ETR_SetConfig                      0x0800343e   Section        0  stm32f4xx_hal_tim.o(i.TIM_ETR_SetConfig)
    i.TIM_ITRx_SetConfig                     0x08003452   Section        0  stm32f4xx_hal_tim.o(i.TIM_ITRx_SetConfig)
    TIM_ITRx_SetConfig                       0x08003453   Thumb Code    16  stm32f4xx_hal_tim.o(i.TIM_ITRx_SetConfig)
    i.TIM_OC1_SetConfig                      0x08003464   Section        0  stm32f4xx_hal_tim.o(i.TIM_OC1_SetConfig)
    TIM_OC1_SetConfig                        0x08003465   Thumb Code    88  stm32f4xx_hal_tim.o(i.TIM_OC1_SetConfig)
    i.TIM_OC2_SetConfig                      0x080034c4   Section        0  stm32f4xx_hal_tim.o(i.TIM_OC2_SetConfig)
    i.TIM_OC3_SetConfig                      0x08003530   Section        0  stm32f4xx_hal_tim.o(i.TIM_OC3_SetConfig)
    TIM_OC3_SetConfig                        0x08003531   Thumb Code    96  stm32f4xx_hal_tim.o(i.TIM_OC3_SetConfig)
    i.TIM_OC4_SetConfig                      0x08003598   Section        0  stm32f4xx_hal_tim.o(i.TIM_OC4_SetConfig)
    TIM_OC4_SetConfig                        0x08003599   Thumb Code    70  stm32f4xx_hal_tim.o(i.TIM_OC4_SetConfig)
    i.TIM_TI1_ConfigInputStage               0x080035e8   Section        0  stm32f4xx_hal_tim.o(i.TIM_TI1_ConfigInputStage)
    TIM_TI1_ConfigInputStage                 0x080035e9   Thumb Code    34  stm32f4xx_hal_tim.o(i.TIM_TI1_ConfigInputStage)
    i.TIM_TI2_ConfigInputStage               0x0800360a   Section        0  stm32f4xx_hal_tim.o(i.TIM_TI2_ConfigInputStage)
    TIM_TI2_ConfigInputStage                 0x0800360b   Thumb Code    36  stm32f4xx_hal_tim.o(i.TIM_TI2_ConfigInputStage)
    i.UART_DMAAbortOnError                   0x0800362e   Section        0  stm32f4xx_hal_uart.o(i.UART_DMAAbortOnError)
    UART_DMAAbortOnError                     0x0800362f   Thumb Code    16  stm32f4xx_hal_uart.o(i.UART_DMAAbortOnError)
    i.UART_EndRxTransfer                     0x0800363e   Section        0  stm32f4xx_hal_uart.o(i.UART_EndRxTransfer)
    UART_EndRxTransfer                       0x0800363f   Thumb Code    78  stm32f4xx_hal_uart.o(i.UART_EndRxTransfer)
    i.UART_Receive_IT                        0x0800368c   Section        0  stm32f4xx_hal_uart.o(i.UART_Receive_IT)
    UART_Receive_IT                          0x0800368d   Thumb Code   192  stm32f4xx_hal_uart.o(i.UART_Receive_IT)
    i.UART_SetConfig                         0x0800374c   Section        0  stm32f4xx_hal_uart.o(i.UART_SetConfig)
    UART_SetConfig                           0x0800374d   Thumb Code   258  stm32f4xx_hal_uart.o(i.UART_SetConfig)
    i.USART1_IRQHandler                      0x08003858   Section        0  stm32f4xx_it.o(i.USART1_IRQHandler)
    i.Uart_DMACurrentDataCounter             0x08003870   Section        0  uart_util.o(i.Uart_DMACurrentDataCounter)
    i.Uart_InitUartDMA                       0x08003876   Section        0  uart_util.o(i.Uart_InitUartDMA)
    i.Uart_ReceiveDMA                        0x0800388a   Section        0  uart_util.o(i.Uart_ReceiveDMA)
    i.Uart_ReceiveHandler                    0x080038c2   Section        0  callback_config.o(i.Uart_ReceiveHandler)
    i.Uart_RxIdleCallback                    0x080038e4   Section        0  callback_config.o(i.Uart_RxIdleCallback)
    i.UsageFault_Handler                     0x08003900   Section        0  stm32f4xx_it.o(i.UsageFault_Handler)
    i.__NVIC_SetPriority                     0x08003902   Section        0  stm32f4xx_hal_cortex.o(i.__NVIC_SetPriority)
    __NVIC_SetPriority                       0x08003903   Thumb Code    32  stm32f4xx_hal_cortex.o(i.__NVIC_SetPriority)
    i.__scatterload_copy                     0x08003922   Section       14  handlers.o(i.__scatterload_copy)
    i.__scatterload_null                     0x08003930   Section        2  handlers.o(i.__scatterload_null)
    i.__scatterload_zeroinit                 0x08003932   Section       14  handlers.o(i.__scatterload_zeroinit)
    i.ave_slide_filter                       0x08003940   Section        0  filter_lib.o(i.ave_slide_filter)
    i.ave_slide_filter_init                  0x080039a4   Section        0  filter_lib.o(i.ave_slide_filter_init)
    i.frameInit                              0x080039b8   Section        0  init_config.o(i.frameInit)
    i.limit                                  0x080039d4   Section        0  mathtools_lib.o(i.limit)
    i.main                                   0x080039f4   Section        0  main.o(i.main)
    i.mainloop                               0x08003a26   Section        0  init_config.o(i.mainloop)
    .constdata                               0x08003a2c   Section        8  stm32f4xx_hal_dma.o(.constdata)
    flagBitshiftOffset                       0x08003a2c   Data           8  stm32f4xx_hal_dma.o(.constdata)
    .constdata                               0x08003a34   Section       16  system_stm32f4xx.o(.constdata)
    .constdata                               0x08003a44   Section        8  system_stm32f4xx.o(.constdata)
    .constdata                               0x08003a4c   Section       24  motor_dev.o(.constdata)
    .data                                    0x20000000   Section       12  stm32f4xx_hal.o(.data)
    .data                                    0x2000000c   Section        4  system_stm32f4xx.o(.data)
    .data                                    0x20000010   Section        2  motor_dev.o(.data)
    .data                                    0x20000014   Section        4  remote_dev.o(.data)
    .data                                    0x20000018   Section        4  snail_dev.o(.data)
    fdb                                      0x20000018   Data           4  snail_dev.o(.data)
    .data                                    0x2000001c   Section       12  shooter_task.o(.data)
    .bss                                     0x20000028   Section       40  can.o(.bss)
    .bss                                     0x20000050   Section      288  tim.o(.bss)
    .bss                                     0x20000170   Section      164  usart.o(.bss)
    .bss                                     0x20000214   Section      132  motor_dev.o(.bss)
    .bss                                     0x20000298   Section      100  remote_dev.o(.bss)
    .bss                                     0x200002fc   Section      120  snail_dev.o(.bss)
    .bss                                     0x20000374   Section      396  shooter_task.o(.bss)
    STACK                                    0x20000500   Section     1024  startup_stm32f427xx.o(STACK)

    Global Symbols

    Symbol Name                              Value     Ov Type        Size  Object(Section)

    BuildAttributes$$THM_ISAv4$E$P$D$K$B$S$7EM$VFPi3$EXTD16$VFPS$VFMA$PE$A:L22UL41UL21$X:L11$S22US41US21$IEEE1$IW$USESV6$~STKCKD$USESV7$~SHL$OSPACE$EBA8$MICROLIB$REQ8$PRES8$EABIv2 0x00000000   Number         0  anon$$obj.o ABSOLUTE
    __ARM_use_no_argv                        0x00000000   Number         0  main.o ABSOLUTE
    __arm_fini_                               - Undefined Weak Reference
    __cpp_initialize__aeabi_                  - Undefined Weak Reference
    __cxa_finalize                            - Undefined Weak Reference
    __decompress                              - Undefined Weak Reference
    _clock_init                               - Undefined Weak Reference
    _microlib_exit                            - Undefined Weak Reference
    __Vectors_Size                           0x000001ac   Number         0  startup_stm32f427xx.o ABSOLUTE
    __Vectors                                0x08000000   Data           4  startup_stm32f427xx.o(RESET)
    __Vectors_End                            0x080001ac   Data           0  startup_stm32f427xx.o(RESET)
    __main                                   0x080001ad   Thumb Code     0  entry.o(.ARM.Collect$$$$00000000)
    _main_stk                                0x080001ad   Thumb Code     0  entry2.o(.ARM.Collect$$$$00000001)
    _main_scatterload                        0x080001b1   Thumb Code     0  entry5.o(.ARM.Collect$$$$00000004)
    __main_after_scatterload                 0x080001b5   Thumb Code     0  entry5.o(.ARM.Collect$$$$00000004)
    _main_clock                              0x080001b5   Thumb Code     0  entry7b.o(.ARM.Collect$$$$00000008)
    _main_cpp_init                           0x080001b5   Thumb Code     0  entry8b.o(.ARM.Collect$$$$0000000A)
    _main_init                               0x080001b5   Thumb Code     0  entry9a.o(.ARM.Collect$$$$0000000B)
    __rt_lib_shutdown_fini                   0x080001bd   Thumb Code     0  entry12b.o(.ARM.Collect$$$$0000000E)
    __rt_final_cpp                           0x080001c1   Thumb Code     0  entry10a.o(.ARM.Collect$$$$0000000F)
    __rt_final_exit                          0x080001c1   Thumb Code     0  entry11a.o(.ARM.Collect$$$$00000011)
    Reset_Handler                            0x080001c5   Thumb Code     8  startup_stm32f427xx.o(.text)
    ADC_IRQHandler                           0x080001df   Thumb Code     0  startup_stm32f427xx.o(.text)
    CAN1_RX1_IRQHandler                      0x080001df   Thumb Code     0  startup_stm32f427xx.o(.text)
    CAN1_SCE_IRQHandler                      0x080001df   Thumb Code     0  startup_stm32f427xx.o(.text)
    CAN1_TX_IRQHandler                       0x080001df   Thumb Code     0  startup_stm32f427xx.o(.text)
    CAN2_RX0_IRQHandler                      0x080001df   Thumb Code     0  startup_stm32f427xx.o(.text)
    CAN2_RX1_IRQHandler                      0x080001df   Thumb Code     0  startup_stm32f427xx.o(.text)
    CAN2_SCE_IRQHandler                      0x080001df   Thumb Code     0  startup_stm32f427xx.o(.text)
    CAN2_TX_IRQHandler                       0x080001df   Thumb Code     0  startup_stm32f427xx.o(.text)
    DCMI_IRQHandler                          0x080001df   Thumb Code     0  startup_stm32f427xx.o(.text)
    DMA1_Stream0_IRQHandler                  0x080001df   Thumb Code     0  startup_stm32f427xx.o(.text)
    DMA1_Stream1_IRQHandler                  0x080001df   Thumb Code     0  startup_stm32f427xx.o(.text)
    DMA1_Stream2_IRQHandler                  0x080001df   Thumb Code     0  startup_stm32f427xx.o(.text)
    DMA1_Stream3_IRQHandler                  0x080001df   Thumb Code     0  startup_stm32f427xx.o(.text)
    DMA1_Stream4_IRQHandler                  0x080001df   Thumb Code     0  startup_stm32f427xx.o(.text)
    DMA1_Stream5_IRQHandler                  0x080001df   Thumb Code     0  startup_stm32f427xx.o(.text)
    DMA1_Stream6_IRQHandler                  0x080001df   Thumb Code     0  startup_stm32f427xx.o(.text)
    DMA1_Stream7_IRQHandler                  0x080001df   Thumb Code     0  startup_stm32f427xx.o(.text)
    DMA2D_IRQHandler                         0x080001df   Thumb Code     0  startup_stm32f427xx.o(.text)
    DMA2_Stream0_IRQHandler                  0x080001df   Thumb Code     0  startup_stm32f427xx.o(.text)
    DMA2_Stream1_IRQHandler                  0x080001df   Thumb Code     0  startup_stm32f427xx.o(.text)
    DMA2_Stream3_IRQHandler                  0x080001df   Thumb Code     0  startup_stm32f427xx.o(.text)
    DMA2_Stream4_IRQHandler                  0x080001df   Thumb Code     0  startup_stm32f427xx.o(.text)
    DMA2_Stream5_IRQHandler                  0x080001df   Thumb Code     0  startup_stm32f427xx.o(.text)
    DMA2_Stream6_IRQHandler                  0x080001df   Thumb Code     0  startup_stm32f427xx.o(.text)
    DMA2_Stream7_IRQHandler                  0x080001df   Thumb Code     0  startup_stm32f427xx.o(.text)
    ETH_IRQHandler                           0x080001df   Thumb Code     0  startup_stm32f427xx.o(.text)
    ETH_WKUP_IRQHandler                      0x080001df   Thumb Code     0  startup_stm32f427xx.o(.text)
    EXTI0_IRQHandler                         0x080001df   Thumb Code     0  startup_stm32f427xx.o(.text)
    EXTI15_10_IRQHandler                     0x080001df   Thumb Code     0  startup_stm32f427xx.o(.text)
    EXTI1_IRQHandler                         0x080001df   Thumb Code     0  startup_stm32f427xx.o(.text)
    EXTI2_IRQHandler                         0x080001df   Thumb Code     0  startup_stm32f427xx.o(.text)
    EXTI3_IRQHandler                         0x080001df   Thumb Code     0  startup_stm32f427xx.o(.text)
    EXTI4_IRQHandler                         0x080001df   Thumb Code     0  startup_stm32f427xx.o(.text)
    EXTI9_5_IRQHandler                       0x080001df   Thumb Code     0  startup_stm32f427xx.o(.text)
    FLASH_IRQHandler                         0x080001df   Thumb Code     0  startup_stm32f427xx.o(.text)
    FMC_IRQHandler                           0x080001df   Thumb Code     0  startup_stm32f427xx.o(.text)
    FPU_IRQHandler                           0x080001df   Thumb Code     0  startup_stm32f427xx.o(.text)
    HASH_RNG_IRQHandler                      0x080001df   Thumb Code     0  startup_stm32f427xx.o(.text)
    I2C1_ER_IRQHandler                       0x080001df   Thumb Code     0  startup_stm32f427xx.o(.text)
    I2C1_EV_IRQHandler                       0x080001df   Thumb Code     0  startup_stm32f427xx.o(.text)
    I2C2_ER_IRQHandler                       0x080001df   Thumb Code     0  startup_stm32f427xx.o(.text)
    I2C2_EV_IRQHandler                       0x080001df   Thumb Code     0  startup_stm32f427xx.o(.text)
    I2C3_ER_IRQHandler                       0x080001df   Thumb Code     0  startup_stm32f427xx.o(.text)
    I2C3_EV_IRQHandler                       0x080001df   Thumb Code     0  startup_stm32f427xx.o(.text)
    OTG_FS_IRQHandler                        0x080001df   Thumb Code     0  startup_stm32f427xx.o(.text)
    OTG_FS_WKUP_IRQHandler                   0x080001df   Thumb Code     0  startup_stm32f427xx.o(.text)
    OTG_HS_EP1_IN_IRQHandler                 0x080001df   Thumb Code     0  startup_stm32f427xx.o(.text)
    OTG_HS_EP1_OUT_IRQHandler                0x080001df   Thumb Code     0  startup_stm32f427xx.o(.text)
    OTG_HS_IRQHandler                        0x080001df   Thumb Code     0  startup_stm32f427xx.o(.text)
    OTG_HS_WKUP_IRQHandler                   0x080001df   Thumb Code     0  startup_stm32f427xx.o(.text)
    PVD_IRQHandler                           0x080001df   Thumb Code     0  startup_stm32f427xx.o(.text)
    RCC_IRQHandler                           0x080001df   Thumb Code     0  startup_stm32f427xx.o(.text)
    RTC_Alarm_IRQHandler                     0x080001df   Thumb Code     0  startup_stm32f427xx.o(.text)
    RTC_WKUP_IRQHandler                      0x080001df   Thumb Code     0  startup_stm32f427xx.o(.text)
    SAI1_IRQHandler                          0x080001df   Thumb Code     0  startup_stm32f427xx.o(.text)
    SDIO_IRQHandler                          0x080001df   Thumb Code     0  startup_stm32f427xx.o(.text)
    SPI1_IRQHandler                          0x080001df   Thumb Code     0  startup_stm32f427xx.o(.text)
    SPI2_IRQHandler                          0x080001df   Thumb Code     0  startup_stm32f427xx.o(.text)
    SPI3_IRQHandler                          0x080001df   Thumb Code     0  startup_stm32f427xx.o(.text)
    SPI4_IRQHandler                          0x080001df   Thumb Code     0  startup_stm32f427xx.o(.text)
    SPI5_IRQHandler                          0x080001df   Thumb Code     0  startup_stm32f427xx.o(.text)
    SPI6_IRQHandler                          0x080001df   Thumb Code     0  startup_stm32f427xx.o(.text)
    TAMP_STAMP_IRQHandler                    0x080001df   Thumb Code     0  startup_stm32f427xx.o(.text)
    TIM1_BRK_TIM9_IRQHandler                 0x080001df   Thumb Code     0  startup_stm32f427xx.o(.text)
    TIM1_CC_IRQHandler                       0x080001df   Thumb Code     0  startup_stm32f427xx.o(.text)
    TIM1_TRG_COM_TIM11_IRQHandler            0x080001df   Thumb Code     0  startup_stm32f427xx.o(.text)
    TIM1_UP_TIM10_IRQHandler                 0x080001df   Thumb Code     0  startup_stm32f427xx.o(.text)
    TIM3_IRQHandler                          0x080001df   Thumb Code     0  startup_stm32f427xx.o(.text)
    TIM4_IRQHandler                          0x080001df   Thumb Code     0  startup_stm32f427xx.o(.text)
    TIM5_IRQHandler                          0x080001df   Thumb Code     0  startup_stm32f427xx.o(.text)
    TIM6_DAC_IRQHandler                      0x080001df   Thumb Code     0  startup_stm32f427xx.o(.text)
    TIM7_IRQHandler                          0x080001df   Thumb Code     0  startup_stm32f427xx.o(.text)
    TIM8_BRK_TIM12_IRQHandler                0x080001df   Thumb Code     0  startup_stm32f427xx.o(.text)
    TIM8_CC_IRQHandler                       0x080001df   Thumb Code     0  startup_stm32f427xx.o(.text)
    TIM8_TRG_COM_TIM14_IRQHandler            0x080001df   Thumb Code     0  startup_stm32f427xx.o(.text)
    TIM8_UP_TIM13_IRQHandler                 0x080001df   Thumb Code     0  startup_stm32f427xx.o(.text)
    UART4_IRQHandler                         0x080001df   Thumb Code     0  startup_stm32f427xx.o(.text)
    UART5_IRQHandler                         0x080001df   Thumb Code     0  startup_stm32f427xx.o(.text)
    UART7_IRQHandler                         0x080001df   Thumb Code     0  startup_stm32f427xx.o(.text)
    UART8_IRQHandler                         0x080001df   Thumb Code     0  startup_stm32f427xx.o(.text)
    USART2_IRQHandler                        0x080001df   Thumb Code     0  startup_stm32f427xx.o(.text)
    USART3_IRQHandler                        0x080001df   Thumb Code     0  startup_stm32f427xx.o(.text)
    USART6_IRQHandler                        0x080001df   Thumb Code     0  startup_stm32f427xx.o(.text)
    WWDG_IRQHandler                          0x080001df   Thumb Code     0  startup_stm32f427xx.o(.text)
    __aeabi_uldivmod                         0x080001e9   Thumb Code    98  uldiv.o(.text)
    __aeabi_memset                           0x0800024b   Thumb Code    14  memseta.o(.text)
    __aeabi_memset4                          0x0800024b   Thumb Code     0  memseta.o(.text)
    __aeabi_memset8                          0x0800024b   Thumb Code     0  memseta.o(.text)
    __aeabi_memclr                           0x08000259   Thumb Code     4  memseta.o(.text)
    __aeabi_memclr4                          0x08000259   Thumb Code     0  memseta.o(.text)
    __aeabi_memclr8                          0x08000259   Thumb Code     0  memseta.o(.text)
    _memset$wrapper                          0x0800025d   Thumb Code    18  memseta.o(.text)
    __aeabi_llsl                             0x0800026f   Thumb Code    30  llshl.o(.text)
    _ll_shift_l                              0x0800026f   Thumb Code     0  llshl.o(.text)
    __aeabi_llsr                             0x0800028d   Thumb Code    32  llushr.o(.text)
    _ll_ushift_r                             0x0800028d   Thumb Code     0  llushr.o(.text)
    __scatterload                            0x080002ad   Thumb Code    28  init.o(.text)
    __scatterload_rt2                        0x080002ad   Thumb Code     0  init.o(.text)
    BusFault_Handler                         0x080002d1   Thumb Code     2  stm32f4xx_it.o(i.BusFault_Handler)
    CAN1_RX0_IRQHandler                      0x080002d5   Thumb Code     6  stm32f4xx_it.o(i.CAN1_RX0_IRQHandler)
    Can_InitFilterAndStart                   0x080002e1   Thumb Code    82  can_util.o(i.Can_InitFilterAndStart)
    Can_InitTxHeader                         0x08000339   Thumb Code    16  can_util.o(i.Can_InitTxHeader)
    Can_SendMessage                          0x08000349   Thumb Code    16  can_util.o(i.Can_SendMessage)
    DMA2_Stream2_IRQHandler                  0x08000359   Thumb Code     6  stm32f4xx_it.o(i.DMA2_Stream2_IRQHandler)
    DebugMon_Handler                         0x08000409   Thumb Code     2  stm32f4xx_it.o(i.DebugMon_Handler)
    Error_Handler                            0x0800040b   Thumb Code     2  main.o(i.Error_Handler)
    HAL_CAN_ActivateNotification             0x0800040d   Thumb Code    36  stm32f4xx_hal_can.o(i.HAL_CAN_ActivateNotification)
    HAL_CAN_AddTxMessage                     0x08000431   Thumb Code   220  stm32f4xx_hal_can.o(i.HAL_CAN_AddTxMessage)
    HAL_CAN_ConfigFilter                     0x0800050d   Thumb Code   262  stm32f4xx_hal_can.o(i.HAL_CAN_ConfigFilter)
    HAL_CAN_ErrorCallback                    0x08000619   Thumb Code     2  stm32f4xx_hal_can.o(i.HAL_CAN_ErrorCallback)
    HAL_CAN_GetRxMessage                     0x0800061b   Thumb Code   232  stm32f4xx_hal_can.o(i.HAL_CAN_GetRxMessage)
    HAL_CAN_IRQHandler                       0x08000703   Thumb Code   508  stm32f4xx_hal_can.o(i.HAL_CAN_IRQHandler)
    HAL_CAN_Init                             0x080008ff   Thumb Code   282  stm32f4xx_hal_can.o(i.HAL_CAN_Init)
    HAL_CAN_MspInit                          0x08000a19   Thumb Code   106  can.o(i.HAL_CAN_MspInit)
    HAL_CAN_RxFifo0FullCallback              0x08000a91   Thumb Code     2  stm32f4xx_hal_can.o(i.HAL_CAN_RxFifo0FullCallback)
    HAL_CAN_RxFifo0MsgPendingCallback        0x08000a93   Thumb Code    32  callback_config.o(i.HAL_CAN_RxFifo0MsgPendingCallback)
    HAL_CAN_RxFifo1FullCallback              0x08000ab3   Thumb Code     2  stm32f4xx_hal_can.o(i.HAL_CAN_RxFifo1FullCallback)
    HAL_CAN_RxFifo1MsgPendingCallback        0x08000ab5   Thumb Code     2  stm32f4xx_hal_can.o(i.HAL_CAN_RxFifo1MsgPendingCallback)
    HAL_CAN_SleepCallback                    0x08000ab7   Thumb Code     2  stm32f4xx_hal_can.o(i.HAL_CAN_SleepCallback)
    HAL_CAN_Start                            0x08000ab9   Thumb Code    88  stm32f4xx_hal_can.o(i.HAL_CAN_Start)
    HAL_CAN_TxMailbox0AbortCallback          0x08000b11   Thumb Code     2  stm32f4xx_hal_can.o(i.HAL_CAN_TxMailbox0AbortCallback)
    HAL_CAN_TxMailbox0CompleteCallback       0x08000b13   Thumb Code     2  stm32f4xx_hal_can.o(i.HAL_CAN_TxMailbox0CompleteCallback)
    HAL_CAN_TxMailbox1AbortCallback          0x08000b15   Thumb Code     2  stm32f4xx_hal_can.o(i.HAL_CAN_TxMailbox1AbortCallback)
    HAL_CAN_TxMailbox1CompleteCallback       0x08000b17   Thumb Code     2  stm32f4xx_hal_can.o(i.HAL_CAN_TxMailbox1CompleteCallback)
    HAL_CAN_TxMailbox2AbortCallback          0x08000b19   Thumb Code     2  stm32f4xx_hal_can.o(i.HAL_CAN_TxMailbox2AbortCallback)
    HAL_CAN_TxMailbox2CompleteCallback       0x08000b1b   Thumb Code     2  stm32f4xx_hal_can.o(i.HAL_CAN_TxMailbox2CompleteCallback)
    HAL_CAN_WakeUpFromRxMsgCallback          0x08000b1d   Thumb Code     2  stm32f4xx_hal_can.o(i.HAL_CAN_WakeUpFromRxMsgCallback)
    HAL_DMA_Abort                            0x08000b1f   Thumb Code   146  stm32f4xx_hal_dma.o(i.HAL_DMA_Abort)
    HAL_DMA_Abort_IT                         0x08000bb1   Thumb Code    36  stm32f4xx_hal_dma.o(i.HAL_DMA_Abort_IT)
    HAL_DMA_IRQHandler                       0x08000bd5   Thumb Code   412  stm32f4xx_hal_dma.o(i.HAL_DMA_IRQHandler)
    HAL_DMA_Init                             0x08000d75   Thumb Code   206  stm32f4xx_hal_dma.o(i.HAL_DMA_Init)
    HAL_DMA_Start                            0x08000e49   Thumb Code    70  stm32f4xx_hal_dma.o(i.HAL_DMA_Start)
    HAL_Delay                                0x08000e91   Thumb Code    32  stm32f4xx_hal.o(i.HAL_Delay)
    HAL_GPIO_Init                            0x08000eb5   Thumb Code   510  stm32f4xx_hal_gpio.o(i.HAL_GPIO_Init)
    HAL_GetTick                              0x080010e9   Thumb Code     6  stm32f4xx_hal.o(i.HAL_GetTick)
    HAL_IncTick                              0x080010f5   Thumb Code    12  stm32f4xx_hal.o(i.HAL_IncTick)
    HAL_Init                                 0x08001105   Thumb Code    48  stm32f4xx_hal.o(i.HAL_Init)
    HAL_InitTick                             0x08001139   Thumb Code    54  stm32f4xx_hal.o(i.HAL_InitTick)
    HAL_MspInit                              0x08001179   Thumb Code    42  stm32f4xx_hal_msp.o(i.HAL_MspInit)
    HAL_NVIC_EnableIRQ                       0x080011a9   Thumb Code    26  stm32f4xx_hal_cortex.o(i.HAL_NVIC_EnableIRQ)
    HAL_NVIC_SetPriority                     0x080011c5   Thumb Code    60  stm32f4xx_hal_cortex.o(i.HAL_NVIC_SetPriority)
    HAL_NVIC_SetPriorityGrouping             0x08001205   Thumb Code    26  stm32f4xx_hal_cortex.o(i.HAL_NVIC_SetPriorityGrouping)
    HAL_RCC_ClockConfig                      0x08001229   Thumb Code   288  stm32f4xx_hal_rcc.o(i.HAL_RCC_ClockConfig)
    HAL_RCC_GetPCLK1Freq                     0x0800135d   Thumb Code    20  stm32f4xx_hal_rcc.o(i.HAL_RCC_GetPCLK1Freq)
    HAL_RCC_GetPCLK2Freq                     0x0800137d   Thumb Code    20  stm32f4xx_hal_rcc.o(i.HAL_RCC_GetPCLK2Freq)
    HAL_RCC_GetSysClockFreq                  0x0800139d   Thumb Code    88  stm32f4xx_hal_rcc.o(i.HAL_RCC_GetSysClockFreq)
    HAL_RCC_OscConfig                        0x08001401   Thumb Code   856  stm32f4xx_hal_rcc.o(i.HAL_RCC_OscConfig)
    HAL_SYSTICK_Config                       0x0800176d   Thumb Code    40  stm32f4xx_hal_cortex.o(i.HAL_SYSTICK_Config)
    HAL_TIMEx_BreakCallback                  0x08001795   Thumb Code     2  stm32f4xx_hal_tim_ex.o(i.HAL_TIMEx_BreakCallback)
    HAL_TIMEx_CommutCallback                 0x08001797   Thumb Code     2  stm32f4xx_hal_tim_ex.o(i.HAL_TIMEx_CommutCallback)
    HAL_TIMEx_ConfigBreakDeadTime            0x08001799   Thumb Code    84  stm32f4xx_hal_tim_ex.o(i.HAL_TIMEx_ConfigBreakDeadTime)
    HAL_TIMEx_MasterConfigSynchronization    0x080017ed   Thumb Code   116  stm32f4xx_hal_tim_ex.o(i.HAL_TIMEx_MasterConfigSynchronization)
    HAL_TIM_Base_Init                        0x0800187d   Thumb Code    90  stm32f4xx_hal_tim.o(i.HAL_TIM_Base_Init)
    HAL_TIM_Base_MspInit                     0x080018d9   Thumb Code    76  tim.o(i.HAL_TIM_Base_MspInit)
    HAL_TIM_Base_Start_IT                    0x0800192d   Thumb Code   100  stm32f4xx_hal_tim.o(i.HAL_TIM_Base_Start_IT)
    HAL_TIM_ConfigClockSource                0x080019ad   Thumb Code   220  stm32f4xx_hal_tim.o(i.HAL_TIM_ConfigClockSource)
    HAL_TIM_Encoder_Init                     0x08001a89   Thumb Code   164  stm32f4xx_hal_tim.o(i.HAL_TIM_Encoder_Init)
    HAL_TIM_Encoder_MspInit                  0x08001b2d   Thumb Code   142  tim.o(i.HAL_TIM_Encoder_MspInit)
    HAL_TIM_Encoder_Start                    0x08001bd1   Thumb Code   142  stm32f4xx_hal_tim.o(i.HAL_TIM_Encoder_Start)
    HAL_TIM_IC_CaptureCallback               0x08001c5f   Thumb Code     2  stm32f4xx_hal_tim.o(i.HAL_TIM_IC_CaptureCallback)
    HAL_TIM_IRQHandler                       0x08001c61   Thumb Code   358  stm32f4xx_hal_tim.o(i.HAL_TIM_IRQHandler)
    HAL_TIM_MspPostInit                      0x08001dc9   Thumb Code    70  tim.o(i.HAL_TIM_MspPostInit)
    HAL_TIM_OC_DelayElapsedCallback          0x08001e1d   Thumb Code     2  stm32f4xx_hal_tim.o(i.HAL_TIM_OC_DelayElapsedCallback)
    HAL_TIM_PWM_ConfigChannel                0x08001e1f   Thumb Code   204  stm32f4xx_hal_tim.o(i.HAL_TIM_PWM_ConfigChannel)
    HAL_TIM_PWM_Init                         0x08001eeb   Thumb Code    90  stm32f4xx_hal_tim.o(i.HAL_TIM_PWM_Init)
    HAL_TIM_PWM_MspInit                      0x08001f45   Thumb Code     2  stm32f4xx_hal_tim.o(i.HAL_TIM_PWM_MspInit)
    HAL_TIM_PWM_PulseFinishedCallback        0x08001f47   Thumb Code     2  stm32f4xx_hal_tim.o(i.HAL_TIM_PWM_PulseFinishedCallback)
    HAL_TIM_PWM_Start                        0x08001f49   Thumb Code   172  stm32f4xx_hal_tim.o(i.HAL_TIM_PWM_Start)
    HAL_TIM_PeriodElapsedCallback            0x08002011   Thumb Code    14  callback_config.o(i.HAL_TIM_PeriodElapsedCallback)
    HAL_TIM_TriggerCallback                  0x08002025   Thumb Code     2  stm32f4xx_hal_tim.o(i.HAL_TIM_TriggerCallback)
    HAL_UARTEx_RxEventCallback               0x08002027   Thumb Code     2  stm32f4xx_hal_uart.o(i.HAL_UARTEx_RxEventCallback)
    HAL_UART_ErrorCallback                   0x08002029   Thumb Code     2  stm32f4xx_hal_uart.o(i.HAL_UART_ErrorCallback)
    HAL_UART_IRQHandler                      0x0800202d   Thumb Code   610  stm32f4xx_hal_uart.o(i.HAL_UART_IRQHandler)
    HAL_UART_Init                            0x08002295   Thumb Code    98  stm32f4xx_hal_uart.o(i.HAL_UART_Init)
    HAL_UART_MspInit                         0x080022f9   Thumb Code   156  usart.o(i.HAL_UART_MspInit)
    HAL_UART_RxCpltCallback                  0x080023a9   Thumb Code     2  stm32f4xx_hal_uart.o(i.HAL_UART_RxCpltCallback)
    HAL_UART_TxCpltCallback                  0x080023ab   Thumb Code     2  stm32f4xx_hal_uart.o(i.HAL_UART_TxCpltCallback)
    HardFault_Handler                        0x080023ad   Thumb Code     2  stm32f4xx_it.o(i.HardFault_Handler)
    MX_CAN1_Init                             0x080023b1   Thumb Code    60  can.o(i.MX_CAN1_Init)
    MX_DMA_Init                              0x080023f5   Thumb Code    40  dma.o(i.MX_DMA_Init)
    MX_GPIO_Init                             0x08002421   Thumb Code    86  gpio.o(i.MX_GPIO_Init)
    MX_TIM2_Init                             0x0800247d   Thumb Code    96  tim.o(i.MX_TIM2_Init)
    MX_TIM4_Init                             0x080024e1   Thumb Code    98  tim.o(i.MX_TIM4_Init)
    MX_TIM5_Init                             0x0800254d   Thumb Code    96  tim.o(i.MX_TIM5_Init)
    MX_TIM8_Init                             0x080025b5   Thumb Code   208  tim.o(i.MX_TIM8_Init)
    MX_USART1_UART_Init                      0x0800268d   Thumb Code    50  usart.o(i.MX_USART1_UART_Init)
    MemManage_Handler                        0x080026cd   Thumb Code     2  stm32f4xx_it.o(i.MemManage_Handler)
    MotorSnailConfig                         0x080026d1   Thumb Code    72  snail_dev.o(i.MotorSnailConfig)
    MotorSnail_SetFdb                        0x08002721   Thumb Code    68  snail_dev.o(i.MotorSnail_SetFdb)
    MotorSnail_SetRef                        0x08002769   Thumb Code     6  snail_dev.o(i.MotorSnail_SetRef)
    Motor_CalcSelfMotorOutput                0x0800276f   Thumb Code    62  motor_dev.o(i.Motor_CalcSelfMotorOutput)
    Motor_Config                             0x080027ad   Thumb Code   176  motor_dev.o(i.Motor_Config)
    Motor_Decode                             0x0800286d   Thumb Code   386  motor_dev.o(i.Motor_Decode)
    Motor_EncoderDataInit                    0x080029fd   Thumb Code    14  motor_dev.o(i.Motor_EncoderDataInit)
    Motor_EncoderDecodeCallback              0x08002a0d   Thumb Code    96  motor_dev.o(i.Motor_EncoderDecodeCallback)
    Motor_GetGroupPtr                        0x08002a75   Thumb Code    38  motor_dev.o(i.Motor_GetGroupPtr)
    Motor_GetMotorTXID                       0x08002aa5   Thumb Code     4  motor_dev.o(i.Motor_GetMotorTXID)
    Motor_GroupConfig                        0x08002aa9   Thumb Code    52  motor_dev.o(i.Motor_GroupConfig)
    Motor_GroupInit                          0x08002ae5   Thumb Code    32  motor_dev.o(i.Motor_GroupInit)
    Motor_ResetData                          0x08002b05   Thumb Code    18  motor_dev.o(i.Motor_ResetData)
    Motor_SendMotorGroupOutput               0x08002b17   Thumb Code    54  motor_dev.o(i.Motor_SendMotorGroupOutput)
    Motor_SendMotorOutput                    0x08002b4d   Thumb Code    40  motor_dev.o(i.Motor_SendMotorOutput)
    Motor_SetMotorOutput                     0x08002b75   Thumb Code     6  motor_dev.o(i.Motor_SetMotorOutput)
    NMI_Handler                              0x08002b7b   Thumb Code     2  stm32f4xx_it.o(i.NMI_Handler)
    PID_AddRef                               0x08002b7d   Thumb Code    14  pid_lib.o(i.PID_AddRef)
    PID_Calc                                 0x08002b8b   Thumb Code   112  pid_lib.o(i.PID_Calc)
    PID_ClearData                            0x08002bfd   Thumb Code    30  pid_lib.o(i.PID_ClearData)
    PID_GetOutput                            0x08002c21   Thumb Code     6  pid_lib.o(i.PID_GetOutput)
    PID_ParamInit                            0x08002c27   Thumb Code     6  pid_lib.o(i.PID_ParamInit)
    PID_SetFdb                               0x08002c2d   Thumb Code     6  pid_lib.o(i.PID_SetFdb)
    PID_SetRef                               0x08002c33   Thumb Code     6  pid_lib.o(i.PID_SetRef)
    PendSV_Handler                           0x08002c39   Thumb Code     2  stm32f4xx_it.o(i.PendSV_Handler)
    Remote_CancelChannelOffset               0x08002c3d   Thumb Code    10  remote_dev.o(i.Remote_CancelChannelOffset)
    Remote_DecodeKeyboardData                0x08002c4d   Thumb Code    96  remote_dev.o(i.Remote_DecodeKeyboardData)
    Remote_DecodeRemoteData                  0x08002cad   Thumb Code   198  remote_dev.o(i.Remote_DecodeRemoteData)
    Remote_InitRemote                        0x08002d75   Thumb Code    42  remote_dev.o(i.Remote_InitRemote)
    Remote_IsRemoteError                     0x08002da9   Thumb Code    42  remote_dev.o(i.Remote_IsRemoteError)
    Remote_RXCallback                        0x08002dd5   Thumb Code    60  remote_dev.o(i.Remote_RXCallback)
    Remote_ResetRemoteData                   0x08002e15   Thumb Code    38  remote_dev.o(i.Remote_ResetRemoteData)
    Remote_task                              0x08002e3d   Thumb Code   192  remote_task.o(i.Remote_task)
    SVC_Handler                              0x08002f15   Thumb Code     2  stm32f4xx_it.o(i.SVC_Handler)
    SetSnailDuty                             0x08002f17   Thumb Code    28  snail_dev.o(i.SetSnailDuty)
    SetSnailOutput                           0x08002f33   Thumb Code    34  snail_dev.o(i.SetSnailOutput)
    Shooter_TaskInit                         0x08002f55   Thumb Code   254  shooter_task.o(i.Shooter_TaskInit)
    Shooter_TaskStart                        0x08003091   Thumb Code     8  shooter_task.o(i.Shooter_TaskStart)
    Shooter_TimerCallback                    0x0800309d   Thumb Code   296  shooter_task.o(i.Shooter_TimerCallback)
    SnailPIDOutput                           0x080031d9   Thumb Code    92  snail_dev.o(i.SnailPIDOutput)
    Snail_Start                              0x08003245   Thumb Code    18  snail_dev.o(i.Snail_Start)
    SnailnoPIDOutput                         0x08003259   Thumb Code    66  snail_dev.o(i.SnailnoPIDOutput)
    SysTick_Handler                          0x080032ad   Thumb Code     4  stm32f4xx_it.o(i.SysTick_Handler)
    SystemClock_Config                       0x080032b1   Thumb Code   124  main.o(i.SystemClock_Config)
    SystemInit                               0x08003335   Thumb Code    22  system_stm32f4xx.o(i.SystemInit)
    TIM2_IRQHandler                          0x08003351   Thumb Code     6  stm32f4xx_it.o(i.TIM2_IRQHandler)
    TIM_Base_SetConfig                       0x0800335d   Thumb Code   156  stm32f4xx_hal_tim.o(i.TIM_Base_SetConfig)
    TIM_CCxChannelCmd                        0x08003425   Thumb Code    26  stm32f4xx_hal_tim.o(i.TIM_CCxChannelCmd)
    TIM_ETR_SetConfig                        0x0800343f   Thumb Code    20  stm32f4xx_hal_tim.o(i.TIM_ETR_SetConfig)
    TIM_OC2_SetConfig                        0x080034c5   Thumb Code    98  stm32f4xx_hal_tim.o(i.TIM_OC2_SetConfig)
    USART1_IRQHandler                        0x08003859   Thumb Code    18  stm32f4xx_it.o(i.USART1_IRQHandler)
    Uart_DMACurrentDataCounter               0x08003871   Thumb Code     6  uart_util.o(i.Uart_DMACurrentDataCounter)
    Uart_InitUartDMA                         0x08003877   Thumb Code    20  uart_util.o(i.Uart_InitUartDMA)
    Uart_ReceiveDMA                          0x0800388b   Thumb Code    56  uart_util.o(i.Uart_ReceiveDMA)
    Uart_ReceiveHandler                      0x080038c3   Thumb Code    32  callback_config.o(i.Uart_ReceiveHandler)
    Uart_RxIdleCallback                      0x080038e5   Thumb Code    24  callback_config.o(i.Uart_RxIdleCallback)
    UsageFault_Handler                       0x08003901   Thumb Code     2  stm32f4xx_it.o(i.UsageFault_Handler)
    __scatterload_copy                       0x08003923   Thumb Code    14  handlers.o(i.__scatterload_copy)
    __scatterload_null                       0x08003931   Thumb Code     2  handlers.o(i.__scatterload_null)
    __scatterload_zeroinit                   0x08003933   Thumb Code    14  handlers.o(i.__scatterload_zeroinit)
    ave_slide_filter                         0x08003941   Thumb Code   100  filter_lib.o(i.ave_slide_filter)
    ave_slide_filter_init                    0x080039a5   Thumb Code    14  filter_lib.o(i.ave_slide_filter_init)
    frameInit                                0x080039b9   Thumb Code    24  init_config.o(i.frameInit)
    limit                                    0x080039d5   Thumb Code    32  mathtools_lib.o(i.limit)
    main                                     0x080039f5   Thumb Code    50  main.o(i.main)
    mainloop                                 0x08003a27   Thumb Code     6  init_config.o(i.mainloop)
    AHBPrescTable                            0x08003a34   Data          16  system_stm32f4xx.o(.constdata)
    APBPrescTable                            0x08003a44   Data           8  system_stm32f4xx.o(.constdata)
    CONST_MOTOR_FDB_ID                       0x08003a4c   Data          24  motor_dev.o(.constdata)
    Region$$Table$$Base                      0x08003a64   Number         0  anon$$obj.o(Region$$Table)
    Region$$Table$$Limit                     0x08003a84   Number         0  anon$$obj.o(Region$$Table)
    uwTickFreq                               0x20000000   Data           1  stm32f4xx_hal.o(.data)
    uwTickPrio                               0x20000004   Data           4  stm32f4xx_hal.o(.data)
    uwTick                                   0x20000008   Data           4  stm32f4xx_hal.o(.data)
    SystemCoreClock                          0x2000000c   Data           4  system_stm32f4xx.o(.data)
    Motor_Can1IDList                         0x20000010   Data           2  motor_dev.o(.data)
    Const_Remote_UART_HANDLER                0x20000014   Data           4  remote_dev.o(.data)
    Const_shooter_TIMER_HANDLER              0x2000001c   Data           4  shooter_task.o(.data)
    shooter_speed                            0x20000020   Data           4  shooter_task.o(.data)
    Motor_feederMotors                       0x20000024   Data           4  shooter_task.o(.data)
    hcan1                                    0x20000028   Data          40  can.o(.bss)
    htim2                                    0x20000050   Data          72  tim.o(.bss)
    htim4                                    0x20000098   Data          72  tim.o(.bss)
    htim5                                    0x200000e0   Data          72  tim.o(.bss)
    htim8                                    0x20000128   Data          72  tim.o(.bss)
    huart1                                   0x20000170   Data          68  usart.o(.bss)
    hdma_usart1_rx                           0x200001b4   Data          96  usart.o(.bss)
    Motors_can1_200                          0x20000214   Data          44  motor_dev.o(.bss)
    Motors_can1_1ff                          0x20000240   Data          44  motor_dev.o(.bss)
    Motors_can1_2ff                          0x2000026c   Data          44  motor_dev.o(.bss)
    Remote_RxData                            0x20000298   Data          54  remote_dev.o(.bss)
    Remote_RemoteData                        0x200002d0   Data          44  remote_dev.o(.bss)
    buff0                                    0x200002fc   Data         120  snail_dev.o(.bss)
    Shooter_Mode                             0x20000374   Data          12  shooter_task.o(.bss)
    Motor_Feeder                             0x20000380   Data         136  shooter_task.o(.bss)
    Motor_Shooter_l                          0x20000408   Data         124  shooter_task.o(.bss)
    Motor_Shooter_r                          0x20000484   Data         124  shooter_task.o(.bss)
    __initial_sp                             0x20000900   Data           0  startup_stm32f427xx.o(STACK)



==============================================================================

Memory Map of the image

  Image Entry point : 0x080001ad

  Load Region LR_IROM1 (Base: 0x08000000, Size: 0x00003aac, Max: 0x00200000, ABSOLUTE)

    Execution Region ER_IROM1 (Exec base: 0x08000000, Load base: 0x08000000, Size: 0x00003a84, Max: 0x00200000, ABSOLUTE)

    Exec Addr    Load Addr    Size         Type   Attr      Idx    E Section Name        Object

    0x08000000   0x08000000   0x000001ac   Data   RO            3    RESET               startup_stm32f427xx.o
    0x080001ac   0x080001ac   0x00000000   Code   RO         4510  * .ARM.Collect$$$$00000000  mc_w.l(entry.o)
    0x080001ac   0x080001ac   0x00000004   Code   RO         4517    .ARM.Collect$$$$00000001  mc_w.l(entry2.o)
    0x080001b0   0x080001b0   0x00000004   Code   RO         4520    .ARM.Collect$$$$00000004  mc_w.l(entry5.o)
    0x080001b4   0x080001b4   0x00000000   Code   RO         4522    .ARM.Collect$$$$00000008  mc_w.l(entry7b.o)
    0x080001b4   0x080001b4   0x00000000   Code   RO         4524    .ARM.Collect$$$$0000000A  mc_w.l(entry8b.o)
    0x080001b4   0x080001b4   0x00000008   Code   RO         4525    .ARM.Collect$$$$0000000B  mc_w.l(entry9a.o)
    0x080001bc   0x080001bc   0x00000004   Code   RO         4532    .ARM.Collect$$$$0000000E  mc_w.l(entry12b.o)
    0x080001c0   0x080001c0   0x00000000   Code   RO         4527    .ARM.Collect$$$$0000000F  mc_w.l(entry10a.o)
    0x080001c0   0x080001c0   0x00000000   Code   RO         4529    .ARM.Collect$$$$00000011  mc_w.l(entry11a.o)
    0x080001c0   0x080001c0   0x00000004   Code   RO         4518    .ARM.Collect$$$$00002712  mc_w.l(entry2.o)
    0x080001c4   0x080001c4   0x00000024   Code   RO            4    .text               startup_stm32f427xx.o
    0x080001e8   0x080001e8   0x00000062   Code   RO         4513    .text               mc_w.l(uldiv.o)
    0x0800024a   0x0800024a   0x00000024   Code   RO         4515    .text               mc_w.l(memseta.o)
    0x0800026e   0x0800026e   0x0000001e   Code   RO         4533    .text               mc_w.l(llshl.o)
    0x0800028c   0x0800028c   0x00000020   Code   RO         4535    .text               mc_w.l(llushr.o)
    0x080002ac   0x080002ac   0x00000024   Code   RO         4537    .text               mc_w.l(init.o)
    0x080002d0   0x080002d0   0x00000002   Code   RO          434    i.BusFault_Handler  stm32f4xx_it.o
    0x080002d2   0x080002d2   0x00000002   PAD
    0x080002d4   0x080002d4   0x0000000c   Code   RO          435    i.CAN1_RX0_IRQHandler  stm32f4xx_it.o
    0x080002e0   0x080002e0   0x00000058   Code   RO         3406    i.Can_InitFilterAndStart  can_util.o
    0x08000338   0x08000338   0x00000010   Code   RO         3407    i.Can_InitTxHeader  can_util.o
    0x08000348   0x08000348   0x00000010   Code   RO         3408    i.Can_SendMessage   can_util.o
    0x08000358   0x08000358   0x0000000c   Code   RO          436    i.DMA2_Stream2_IRQHandler  stm32f4xx_it.o
    0x08000364   0x08000364   0x00000028   Code   RO         1334    i.DMA_CalcBaseAndBitshift  stm32f4xx_hal_dma.o
    0x0800038c   0x0800038c   0x00000054   Code   RO         1335    i.DMA_CheckFifoParam  stm32f4xx_hal_dma.o
    0x080003e0   0x080003e0   0x00000028   Code   RO         1336    i.DMA_SetConfig     stm32f4xx_hal_dma.o
    0x08000408   0x08000408   0x00000002   Code   RO          437    i.DebugMon_Handler  stm32f4xx_it.o
    0x0800040a   0x0800040a   0x00000002   Code   RO           13    i.Error_Handler     main.o
    0x0800040c   0x0800040c   0x00000024   Code   RO          590    i.HAL_CAN_ActivateNotification  stm32f4xx_hal_can.o
    0x08000430   0x08000430   0x000000dc   Code   RO          591    i.HAL_CAN_AddTxMessage  stm32f4xx_hal_can.o
    0x0800050c   0x0800050c   0x0000010c   Code   RO          592    i.HAL_CAN_ConfigFilter  stm32f4xx_hal_can.o
    0x08000618   0x08000618   0x00000002   Code   RO          595    i.HAL_CAN_ErrorCallback  stm32f4xx_hal_can.o
    0x0800061a   0x0800061a   0x000000e8   Code   RO          598    i.HAL_CAN_GetRxMessage  stm32f4xx_hal_can.o
    0x08000702   0x08000702   0x000001fc   Code   RO          602    i.HAL_CAN_IRQHandler  stm32f4xx_hal_can.o
    0x080008fe   0x080008fe   0x0000011a   Code   RO          603    i.HAL_CAN_Init      stm32f4xx_hal_can.o
    0x08000a18   0x08000a18   0x00000078   Code   RO          249    i.HAL_CAN_MspInit   can.o
    0x08000a90   0x08000a90   0x00000002   Code   RO          610    i.HAL_CAN_RxFifo0FullCallback  stm32f4xx_hal_can.o
    0x08000a92   0x08000a92   0x00000020   Code   RO         4401    i.HAL_CAN_RxFifo0MsgPendingCallback  callback_config.o
    0x08000ab2   0x08000ab2   0x00000002   Code   RO          612    i.HAL_CAN_RxFifo1FullCallback  stm32f4xx_hal_can.o
    0x08000ab4   0x08000ab4   0x00000002   Code   RO          613    i.HAL_CAN_RxFifo1MsgPendingCallback  stm32f4xx_hal_can.o
    0x08000ab6   0x08000ab6   0x00000002   Code   RO          614    i.HAL_CAN_SleepCallback  stm32f4xx_hal_can.o
    0x08000ab8   0x08000ab8   0x00000058   Code   RO          615    i.HAL_CAN_Start     stm32f4xx_hal_can.o
    0x08000b10   0x08000b10   0x00000002   Code   RO          617    i.HAL_CAN_TxMailbox0AbortCallback  stm32f4xx_hal_can.o
    0x08000b12   0x08000b12   0x00000002   Code   RO          618    i.HAL_CAN_TxMailbox0CompleteCallback  stm32f4xx_hal_can.o
    0x08000b14   0x08000b14   0x00000002   Code   RO          619    i.HAL_CAN_TxMailbox1AbortCallback  stm32f4xx_hal_can.o
    0x08000b16   0x08000b16   0x00000002   Code   RO          620    i.HAL_CAN_TxMailbox1CompleteCallback  stm32f4xx_hal_can.o
    0x08000b18   0x08000b18   0x00000002   Code   RO          621    i.HAL_CAN_TxMailbox2AbortCallback  stm32f4xx_hal_can.o
    0x08000b1a   0x08000b1a   0x00000002   Code   RO          622    i.HAL_CAN_TxMailbox2CompleteCallback  stm32f4xx_hal_can.o
    0x08000b1c   0x08000b1c   0x00000002   Code   RO          624    i.HAL_CAN_WakeUpFromRxMsgCallback  stm32f4xx_hal_can.o
    0x08000b1e   0x08000b1e   0x00000092   Code   RO         1337    i.HAL_DMA_Abort     stm32f4xx_hal_dma.o
    0x08000bb0   0x08000bb0   0x00000024   Code   RO         1338    i.HAL_DMA_Abort_IT  stm32f4xx_hal_dma.o
    0x08000bd4   0x08000bd4   0x000001a0   Code   RO         1342    i.HAL_DMA_IRQHandler  stm32f4xx_hal_dma.o
    0x08000d74   0x08000d74   0x000000d4   Code   RO         1343    i.HAL_DMA_Init      stm32f4xx_hal_dma.o
    0x08000e48   0x08000e48   0x00000046   Code   RO         1346    i.HAL_DMA_Start     stm32f4xx_hal_dma.o
    0x08000e8e   0x08000e8e   0x00000002   PAD
    0x08000e90   0x08000e90   0x00000024   Code   RO         1774    i.HAL_Delay         stm32f4xx_hal.o
    0x08000eb4   0x08000eb4   0x00000234   Code   RO         1230    i.HAL_GPIO_Init     stm32f4xx_hal_gpio.o
    0x080010e8   0x080010e8   0x0000000c   Code   RO         1782    i.HAL_GetTick       stm32f4xx_hal.o
    0x080010f4   0x080010f4   0x00000010   Code   RO         1788    i.HAL_IncTick       stm32f4xx_hal.o
    0x08001104   0x08001104   0x00000034   Code   RO         1789    i.HAL_Init          stm32f4xx_hal.o
    0x08001138   0x08001138   0x00000040   Code   RO         1790    i.HAL_InitTick      stm32f4xx_hal.o
    0x08001178   0x08001178   0x00000030   Code   RO          565    i.HAL_MspInit       stm32f4xx_hal_msp.o
    0x080011a8   0x080011a8   0x0000001a   Code   RO         1637    i.HAL_NVIC_EnableIRQ  stm32f4xx_hal_cortex.o
    0x080011c2   0x080011c2   0x00000002   PAD
    0x080011c4   0x080011c4   0x00000040   Code   RO         1643    i.HAL_NVIC_SetPriority  stm32f4xx_hal_cortex.o
    0x08001204   0x08001204   0x00000024   Code   RO         1644    i.HAL_NVIC_SetPriorityGrouping  stm32f4xx_hal_cortex.o
    0x08001228   0x08001228   0x00000134   Code   RO          824    i.HAL_RCC_ClockConfig  stm32f4xx_hal_rcc.o
    0x0800135c   0x0800135c   0x00000020   Code   RO          831    i.HAL_RCC_GetPCLK1Freq  stm32f4xx_hal_rcc.o
    0x0800137c   0x0800137c   0x00000020   Code   RO          832    i.HAL_RCC_GetPCLK2Freq  stm32f4xx_hal_rcc.o
    0x0800139c   0x0800139c   0x00000064   Code   RO          833    i.HAL_RCC_GetSysClockFreq  stm32f4xx_hal_rcc.o
    0x08001400   0x08001400   0x0000036c   Code   RO          836    i.HAL_RCC_OscConfig  stm32f4xx_hal_rcc.o
    0x0800176c   0x0800176c   0x00000028   Code   RO         1648    i.HAL_SYSTICK_Config  stm32f4xx_hal_cortex.o
    0x08001794   0x08001794   0x00000002   Code   RO         2743    i.HAL_TIMEx_BreakCallback  stm32f4xx_hal_tim_ex.o
    0x08001796   0x08001796   0x00000002   Code   RO         2744    i.HAL_TIMEx_CommutCallback  stm32f4xx_hal_tim_ex.o
    0x08001798   0x08001798   0x00000054   Code   RO         2746    i.HAL_TIMEx_ConfigBreakDeadTime  stm32f4xx_hal_tim_ex.o
    0x080017ec   0x080017ec   0x00000090   Code   RO         2762    i.HAL_TIMEx_MasterConfigSynchronization  stm32f4xx_hal_tim_ex.o
    0x0800187c   0x0800187c   0x0000005a   Code   RO         2039    i.HAL_TIM_Base_Init  stm32f4xx_hal_tim.o
    0x080018d6   0x080018d6   0x00000002   PAD
    0x080018d8   0x080018d8   0x00000054   Code   RO          315    i.HAL_TIM_Base_MspInit  tim.o
    0x0800192c   0x0800192c   0x00000080   Code   RO         2044    i.HAL_TIM_Base_Start_IT  stm32f4xx_hal_tim.o
    0x080019ac   0x080019ac   0x000000dc   Code   RO         2048    i.HAL_TIM_ConfigClockSource  stm32f4xx_hal_tim.o
    0x08001a88   0x08001a88   0x000000a4   Code   RO         2060    i.HAL_TIM_Encoder_Init  stm32f4xx_hal_tim.o
    0x08001b2c   0x08001b2c   0x000000a4   Code   RO          317    i.HAL_TIM_Encoder_MspInit  tim.o
    0x08001bd0   0x08001bd0   0x0000008e   Code   RO         2063    i.HAL_TIM_Encoder_Start  stm32f4xx_hal_tim.o
    0x08001c5e   0x08001c5e   0x00000002   Code   RO         2073    i.HAL_TIM_IC_CaptureCallback  stm32f4xx_hal_tim.o
    0x08001c60   0x08001c60   0x00000166   Code   RO         2087    i.HAL_TIM_IRQHandler  stm32f4xx_hal_tim.o
    0x08001dc6   0x08001dc6   0x00000002   PAD
    0x08001dc8   0x08001dc8   0x00000054   Code   RO          318    i.HAL_TIM_MspPostInit  tim.o
    0x08001e1c   0x08001e1c   0x00000002   Code   RO         2090    i.HAL_TIM_OC_DelayElapsedCallback  stm32f4xx_hal_tim.o
    0x08001e1e   0x08001e1e   0x000000cc   Code   RO         2111    i.HAL_TIM_PWM_ConfigChannel  stm32f4xx_hal_tim.o
    0x08001eea   0x08001eea   0x0000005a   Code   RO         2114    i.HAL_TIM_PWM_Init  stm32f4xx_hal_tim.o
    0x08001f44   0x08001f44   0x00000002   Code   RO         2116    i.HAL_TIM_PWM_MspInit  stm32f4xx_hal_tim.o
    0x08001f46   0x08001f46   0x00000002   Code   RO         2117    i.HAL_TIM_PWM_PulseFinishedCallback  stm32f4xx_hal_tim.o
    0x08001f48   0x08001f48   0x000000c8   Code   RO         2119    i.HAL_TIM_PWM_Start  stm32f4xx_hal_tim.o
    0x08002010   0x08002010   0x00000014   Code   RO         4402    i.HAL_TIM_PeriodElapsedCallback  callback_config.o
    0x08002024   0x08002024   0x00000002   Code   RO         2130    i.HAL_TIM_TriggerCallback  stm32f4xx_hal_tim.o
    0x08002026   0x08002026   0x00000002   Code   RO         3021    i.HAL_UARTEx_RxEventCallback  stm32f4xx_hal_uart.o
    0x08002028   0x08002028   0x00000002   Code   RO         3035    i.HAL_UART_ErrorCallback  stm32f4xx_hal_uart.o
    0x0800202a   0x0800202a   0x00000002   PAD
    0x0800202c   0x0800202c   0x00000268   Code   RO         3038    i.HAL_UART_IRQHandler  stm32f4xx_hal_uart.o
    0x08002294   0x08002294   0x00000062   Code   RO         3039    i.HAL_UART_Init     stm32f4xx_hal_uart.o
    0x080022f6   0x080022f6   0x00000002   PAD
    0x080022f8   0x080022f8   0x000000b0   Code   RO          393    i.HAL_UART_MspInit  usart.o
    0x080023a8   0x080023a8   0x00000002   Code   RO         3045    i.HAL_UART_RxCpltCallback  stm32f4xx_hal_uart.o
    0x080023aa   0x080023aa   0x00000002   Code   RO         3050    i.HAL_UART_TxCpltCallback  stm32f4xx_hal_uart.o
    0x080023ac   0x080023ac   0x00000002   Code   RO          438    i.HardFault_Handler  stm32f4xx_it.o
    0x080023ae   0x080023ae   0x00000002   PAD
    0x080023b0   0x080023b0   0x00000044   Code   RO          250    i.MX_CAN1_Init      can.o
    0x080023f4   0x080023f4   0x0000002c   Code   RO          290    i.MX_DMA_Init       dma.o
    0x08002420   0x08002420   0x0000005c   Code   RO          224    i.MX_GPIO_Init      gpio.o
    0x0800247c   0x0800247c   0x00000064   Code   RO          319    i.MX_TIM2_Init      tim.o
    0x080024e0   0x080024e0   0x0000006c   Code   RO          320    i.MX_TIM4_Init      tim.o
    0x0800254c   0x0800254c   0x00000068   Code   RO          321    i.MX_TIM5_Init      tim.o
    0x080025b4   0x080025b4   0x000000d8   Code   RO          322    i.MX_TIM8_Init      tim.o
    0x0800268c   0x0800268c   0x00000040   Code   RO          394    i.MX_USART1_UART_Init  usart.o
    0x080026cc   0x080026cc   0x00000002   Code   RO          439    i.MemManage_Handler  stm32f4xx_it.o
    0x080026ce   0x080026ce   0x00000002   PAD
    0x080026d0   0x080026d0   0x00000050   Code   RO         3854    i.MotorSnailConfig  snail_dev.o
    0x08002720   0x08002720   0x00000048   Code   RO         3855    i.MotorSnail_SetFdb  snail_dev.o
    0x08002768   0x08002768   0x00000006   Code   RO         3856    i.MotorSnail_SetRef  snail_dev.o
    0x0800276e   0x0800276e   0x0000003e   Code   RO         3587    i.Motor_CalcSelfMotorOutput  motor_dev.o
    0x080027ac   0x080027ac   0x000000c0   Code   RO         3588    i.Motor_Config      motor_dev.o
    0x0800286c   0x0800286c   0x00000190   Code   RO         3589    i.Motor_Decode      motor_dev.o
    0x080029fc   0x080029fc   0x0000000e   Code   RO         3590    i.Motor_EncoderDataInit  motor_dev.o
    0x08002a0a   0x08002a0a   0x00000002   PAD
    0x08002a0c   0x08002a0c   0x00000068   Code   RO         3591    i.Motor_EncoderDecodeCallback  motor_dev.o
    0x08002a74   0x08002a74   0x00000030   Code   RO         3593    i.Motor_GetGroupPtr  motor_dev.o
    0x08002aa4   0x08002aa4   0x00000004   Code   RO         3595    i.Motor_GetMotorTXID  motor_dev.o
    0x08002aa8   0x08002aa8   0x0000003c   Code   RO         3597    i.Motor_GroupConfig  motor_dev.o
    0x08002ae4   0x08002ae4   0x00000020   Code   RO         3598    i.Motor_GroupInit   motor_dev.o
    0x08002b04   0x08002b04   0x00000012   Code   RO         3601    i.Motor_ResetData   motor_dev.o
    0x08002b16   0x08002b16   0x00000036   Code   RO         3603    i.Motor_SendMotorGroupOutput  motor_dev.o
    0x08002b4c   0x08002b4c   0x00000028   Code   RO         3604    i.Motor_SendMotorOutput  motor_dev.o
    0x08002b74   0x08002b74   0x00000006   Code   RO         3606    i.Motor_SetMotorOutput  motor_dev.o
    0x08002b7a   0x08002b7a   0x00000002   Code   RO          440    i.NMI_Handler       stm32f4xx_it.o
    0x08002b7c   0x08002b7c   0x0000000e   Code   RO         4146    i.PID_AddRef        pid_lib.o
    0x08002b8a   0x08002b8a   0x00000070   Code   RO         4148    i.PID_Calc          pid_lib.o
    0x08002bfa   0x08002bfa   0x00000002   PAD
    0x08002bfc   0x08002bfc   0x00000024   Code   RO         4150    i.PID_ClearData     pid_lib.o
    0x08002c20   0x08002c20   0x00000006   Code   RO         4153    i.PID_GetOutput     pid_lib.o
    0x08002c26   0x08002c26   0x00000006   Code   RO         4155    i.PID_ParamInit     pid_lib.o
    0x08002c2c   0x08002c2c   0x00000006   Code   RO         4156    i.PID_SetFdb        pid_lib.o
    0x08002c32   0x08002c32   0x00000006   Code   RO         4158    i.PID_SetRef        pid_lib.o
    0x08002c38   0x08002c38   0x00000002   Code   RO          441    i.PendSV_Handler    stm32f4xx_it.o
    0x08002c3a   0x08002c3a   0x00000002   PAD
    0x08002c3c   0x08002c3c   0x00000010   Code   RO         3765    i.Remote_CancelChannelOffset  remote_dev.o
    0x08002c4c   0x08002c4c   0x00000060   Code   RO         3766    i.Remote_DecodeKeyboardData  remote_dev.o
    0x08002cac   0x08002cac   0x000000c6   Code   RO         3767    i.Remote_DecodeRemoteData  remote_dev.o
    0x08002d72   0x08002d72   0x00000002   PAD
    0x08002d74   0x08002d74   0x00000034   Code   RO         3769    i.Remote_InitRemote  remote_dev.o
    0x08002da8   0x08002da8   0x0000002a   Code   RO         3770    i.Remote_IsRemoteError  remote_dev.o
    0x08002dd2   0x08002dd2   0x00000002   PAD
    0x08002dd4   0x08002dd4   0x00000040   Code   RO         3772    i.Remote_RXCallback  remote_dev.o
    0x08002e14   0x08002e14   0x00000026   Code   RO         3773    i.Remote_ResetRemoteData  remote_dev.o
    0x08002e3a   0x08002e3a   0x00000002   PAD
    0x08002e3c   0x08002e3c   0x000000d8   Code   RO         4443    i.Remote_task       remote_task.o
    0x08002f14   0x08002f14   0x00000002   Code   RO          442    i.SVC_Handler       stm32f4xx_it.o
    0x08002f16   0x08002f16   0x0000001c   Code   RO         3857    i.SetSnailDuty      snail_dev.o
    0x08002f32   0x08002f32   0x00000022   Code   RO         3858    i.SetSnailOutput    snail_dev.o
    0x08002f54   0x08002f54   0x0000013c   Code   RO         4467    i.Shooter_TaskInit  shooter_task.o
    0x08003090   0x08003090   0x0000000c   Code   RO         4468    i.Shooter_TaskStart  shooter_task.o
    0x0800309c   0x0800309c   0x0000013c   Code   RO         4469    i.Shooter_TimerCallback  shooter_task.o
    0x080031d8   0x080031d8   0x0000006c   Code   RO         3859    i.SnailPIDOutput    snail_dev.o
    0x08003244   0x08003244   0x00000012   Code   RO         3860    i.Snail_Start       snail_dev.o
    0x08003256   0x08003256   0x00000002   PAD
    0x08003258   0x08003258   0x00000054   Code   RO         3862    i.SnailnoPIDOutput  snail_dev.o
    0x080032ac   0x080032ac   0x00000004   Code   RO          443    i.SysTick_Handler   stm32f4xx_it.o
    0x080032b0   0x080032b0   0x00000084   Code   RO           14    i.SystemClock_Config  main.o
    0x08003334   0x08003334   0x0000001c   Code   RO         3368    i.SystemInit        system_stm32f4xx.o
    0x08003350   0x08003350   0x0000000c   Code   RO          444    i.TIM2_IRQHandler   stm32f4xx_it.o
    0x0800335c   0x0800335c   0x000000c8   Code   RO         2132    i.TIM_Base_SetConfig  stm32f4xx_hal_tim.o
    0x08003424   0x08003424   0x0000001a   Code   RO         2133    i.TIM_CCxChannelCmd  stm32f4xx_hal_tim.o
    0x0800343e   0x0800343e   0x00000014   Code   RO         2143    i.TIM_ETR_SetConfig  stm32f4xx_hal_tim.o
    0x08003452   0x08003452   0x00000010   Code   RO         2144    i.TIM_ITRx_SetConfig  stm32f4xx_hal_tim.o
    0x08003462   0x08003462   0x00000002   PAD
    0x08003464   0x08003464   0x00000060   Code   RO         2145    i.TIM_OC1_SetConfig  stm32f4xx_hal_tim.o
    0x080034c4   0x080034c4   0x0000006c   Code   RO         2146    i.TIM_OC2_SetConfig  stm32f4xx_hal_tim.o
    0x08003530   0x08003530   0x00000068   Code   RO         2147    i.TIM_OC3_SetConfig  stm32f4xx_hal_tim.o
    0x08003598   0x08003598   0x00000050   Code   RO         2148    i.TIM_OC4_SetConfig  stm32f4xx_hal_tim.o
    0x080035e8   0x080035e8   0x00000022   Code   RO         2150    i.TIM_TI1_ConfigInputStage  stm32f4xx_hal_tim.o
    0x0800360a   0x0800360a   0x00000024   Code   RO         2152    i.TIM_TI2_ConfigInputStage  stm32f4xx_hal_tim.o
    0x0800362e   0x0800362e   0x00000010   Code   RO         3052    i.UART_DMAAbortOnError  stm32f4xx_hal_uart.o
    0x0800363e   0x0800363e   0x0000004e   Code   RO         3062    i.UART_EndRxTransfer  stm32f4xx_hal_uart.o
    0x0800368c   0x0800368c   0x000000c0   Code   RO         3064    i.UART_Receive_IT   stm32f4xx_hal_uart.o
    0x0800374c   0x0800374c   0x0000010c   Code   RO         3065    i.UART_SetConfig    stm32f4xx_hal_uart.o
    0x08003858   0x08003858   0x00000018   Code   RO          445    i.USART1_IRQHandler  stm32f4xx_it.o
    0x08003870   0x08003870   0x00000006   Code   RO         3474    i.Uart_DMACurrentDataCounter  uart_util.o
    0x08003876   0x08003876   0x00000014   Code   RO         3476    i.Uart_InitUartDMA  uart_util.o
    0x0800388a   0x0800388a   0x00000038   Code   RO         3477    i.Uart_ReceiveDMA   uart_util.o
    0x080038c2   0x080038c2   0x00000020   Code   RO         4403    i.Uart_ReceiveHandler  callback_config.o
    0x080038e2   0x080038e2   0x00000002   PAD
    0x080038e4   0x080038e4   0x0000001c   Code   RO         4404    i.Uart_RxIdleCallback  callback_config.o
    0x08003900   0x08003900   0x00000002   Code   RO          446    i.UsageFault_Handler  stm32f4xx_it.o
    0x08003902   0x08003902   0x00000020   Code   RO         1650    i.__NVIC_SetPriority  stm32f4xx_hal_cortex.o
    0x08003922   0x08003922   0x0000000e   Code   RO         4541    i.__scatterload_copy  mc_w.l(handlers.o)
    0x08003930   0x08003930   0x00000002   Code   RO         4542    i.__scatterload_null  mc_w.l(handlers.o)
    0x08003932   0x08003932   0x0000000e   Code   RO         4543    i.__scatterload_zeroinit  mc_w.l(handlers.o)
    0x08003940   0x08003940   0x00000064   Code   RO         3992    i.ave_slide_filter  filter_lib.o
    0x080039a4   0x080039a4   0x00000014   Code   RO         3993    i.ave_slide_filter_init  filter_lib.o
    0x080039b8   0x080039b8   0x0000001c   Code   RO         4371    i.frameInit         init_config.o
    0x080039d4   0x080039d4   0x00000020   Code   RO         4047    i.limit             mathtools_lib.o
    0x080039f4   0x080039f4   0x00000032   Code   RO           15    i.main              main.o
    0x08003a26   0x08003a26   0x00000006   Code   RO         4372    i.mainloop          init_config.o
    0x08003a2c   0x08003a2c   0x00000008   Data   RO         1349    .constdata          stm32f4xx_hal_dma.o
    0x08003a34   0x08003a34   0x00000010   Data   RO         3369    .constdata          system_stm32f4xx.o
    0x08003a44   0x08003a44   0x00000008   Data   RO         3370    .constdata          system_stm32f4xx.o
    0x08003a4c   0x08003a4c   0x00000018   Data   RO         3615    .constdata          motor_dev.o
    0x08003a64   0x08003a64   0x00000020   Data   RO         4539    Region$$Table       anon$$obj.o


    Execution Region RW_IRAM2 (Exec base: 0x10000000, Load base: 0x08003aac, Size: 0x00000000, Max: 0x00010000, ABSOLUTE)

    **** No section assigned to this execution region ****


    Execution Region RW_IRAM1 (Exec base: 0x20000000, Load base: 0x08003a84, Size: 0x00000900, Max: 0x00030000, ABSOLUTE)

    Exec Addr    Load Addr    Size         Type   Attr      Idx    E Section Name        Object

    0x20000000   0x08003a84   0x0000000c   Data   RW         1796    .data               stm32f4xx_hal.o
    0x2000000c   0x08003a90   0x00000004   Data   RW         3371    .data               system_stm32f4xx.o
    0x20000010   0x08003a94   0x00000002   Data   RW         3616    .data               motor_dev.o
    0x20000012   0x08003a96   0x00000002   PAD
    0x20000014   0x08003a98   0x00000004   Data   RW         3782    .data               remote_dev.o
    0x20000018   0x08003a9c   0x00000004   Data   RW         3864    .data               snail_dev.o
    0x2000001c   0x08003aa0   0x0000000c   Data   RW         4471    .data               shooter_task.o
    0x20000028        -       0x00000028   Zero   RW          251    .bss                can.o
    0x20000050        -       0x00000120   Zero   RW          323    .bss                tim.o
    0x20000170        -       0x000000a4   Zero   RW          395    .bss                usart.o
    0x20000214        -       0x00000084   Zero   RW         3610    .bss                motor_dev.o
    0x20000298        -       0x00000064   Zero   RW         3775    .bss                remote_dev.o
    0x200002fc        -       0x00000078   Zero   RW         3863    .bss                snail_dev.o
    0x20000374        -       0x0000018c   Zero   RW         4470    .bss                shooter_task.o
    0x20000500        -       0x00000400   Zero   RW            1    STACK               startup_stm32f427xx.o


==============================================================================

Image component sizes


      Code (inc. data)   RO Data    RW Data    ZI Data      Debug   Object Name

       112         10          0          0          0       2940   callback_config.o
       188         22          0          0         40       1777   can.o
       120          6          0          0          0       2481   can_util.o
        44          4          0          0          0        818   dma.o
       120          6          0          0          0       1715   filter_lib.o
        92          6          0          0          0        951   gpio.o
        34          4          0          0          0       1003   init_config.o
       184          8          0          0          0     759881   main.o
        32          0          0          0          0        716   mathtools_lib.o
      1034         68         24          2        132       9993   motor_dev.o
       186          6          0          0          0       4538   pid_lib.o
       506         20          0          4        100       7318   remote_dev.o
       216         24          0          0          0       1126   remote_task.o
       644         86          0         12        396       3756   shooter_task.o
       430         46          0          4        120       5601   snail_dev.o
        36          8        428          0       1024        856   startup_stm32f427xx.o
       180         28          0         12          0       9729   stm32f4xx_hal.o
      1658          6          0          0          0      14687   stm32f4xx_hal_can.o
       198         14          0          0          0      34087   stm32f4xx_hal_cortex.o
      1044         16          8          0          0       7375   stm32f4xx_hal_dma.o
       564         54          0          0          0       1588   stm32f4xx_hal_gpio.o
        48          6          0          0          0        898   stm32f4xx_hal_msp.o
      1348         76          0          0          0       5360   stm32f4xx_hal_rcc.o
      2326        136          0          0          0      19405   stm32f4xx_hal_tim.o
       232         28          0          0          0       3377   stm32f4xx_hal_tim_ex.o
      1276         16          0          0          0       8524   stm32f4xx_hal_uart.o
        80         24          0          0          0       6376   stm32f4xx_it.o
        28          6         24          4          0       1215   system_stm32f4xx.o
       860         74          0          0        288       5469   tim.o
        82          0          0          0          0       2270   uart_util.o
       240         34          0          0        164       1889   usart.o

    ----------------------------------------------------------------------
     14178        842        516         40       2264     927719   Object Totals
         0          0         32          0          0          0   (incl. Generated)
        36          0          0          2          0          0   (incl. Padding)

    ----------------------------------------------------------------------

      Code (inc. data)   RO Data    RW Data    ZI Data      Debug   Library Member Name

         0          0          0          0          0          0   entry.o
         0          0          0          0          0          0   entry10a.o
         0          0          0          0          0          0   entry11a.o
         4          0          0          0          0          0   entry12b.o
         8          4          0          0          0          0   entry2.o
         4          0          0          0          0          0   entry5.o
         0          0          0          0          0          0   entry7b.o
         0          0          0          0          0          0   entry8b.o
         8          4          0          0          0          0   entry9a.o
        30          0          0          0          0          0   handlers.o
        36          8          0          0          0         68   init.o
        30          0          0          0          0         68   llshl.o
        32          0          0          0          0         68   llushr.o
        36          0          0          0          0        108   memseta.o
        98          0          0          0          0         92   uldiv.o

    ----------------------------------------------------------------------
       286         16          0          0          0        404   Library Totals
         0          0          0          0          0          0   (incl. Padding)

    ----------------------------------------------------------------------

      Code (inc. data)   RO Data    RW Data    ZI Data      Debug   Library Name

       286         16          0          0          0        404   mc_w.l

    ----------------------------------------------------------------------
       286         16          0          0          0        404   Library Totals

    ----------------------------------------------------------------------

==============================================================================


      Code (inc. data)   RO Data    RW Data    ZI Data      Debug   

     14464        858        516         40       2264     913223   Grand Totals
     14464        858        516         40       2264     913223   ELF Image Totals
     14464        858        516         40          0          0   ROM Totals

==============================================================================

    Total RO  Size (Code + RO Data)                14980 (  14.63kB)
    Total RW  Size (RW Data + ZI Data)              2304 (   2.25kB)
    Total ROM Size (Code + RO Data + RW Data)      15020 (  14.67kB)

==============================================================================

